Microchip Technology Inc, v

Tool Name:
  /opt/microchip/xc16/v1.21/bin/bin/../bin/elf-ld

Command:
  -p33EP128MC506 \
  -o \
  dist/default/production/Sensor_Board.production.elf \
  -L/opt/microchip/xc16/v1.21/bin/bin/.. \
  -L/opt/microchip/xc16/v1.21/bin/bin/../../lib \
  -L/opt/microchip/xc16/v1.21/bin/bin/../../lib/PIC24E \
  -L/opt/microchip/xc16/v1.21/bin/bin/../../support/PIC24E/gld \
  -L/opt/microchip/xc16/v1.21/bin/bin/../../lib/PIC24F \
  -L/opt/microchip/xc16/v1.21/bin/bin/../../support/PIC24F/gld \
  -L/opt/microchip/xc16/v1.21/bin/bin/../../lib/PIC24H \
  -L/opt/microchip/xc16/v1.21/bin/bin/../../support/PIC24H/gld \
  -L/opt/microchip/xc16/v1.21/bin/bin/../../lib/dsPIC30F \
  -L/opt/microchip/xc16/v1.21/bin/bin/../../support/dsPIC30F/gld \
  -L/opt/microchip/xc16/v1.21/bin/bin/../../lib/dsPIC33E \
  -L/opt/microchip/xc16/v1.21/bin/bin/../../support/dsPIC33E/gld \
  -L/opt/microchip/xc16/v1.21/bin/bin/../../lib/dsPIC33F \
  -L/opt/microchip/xc16/v1.21/bin/bin/../../support/dsPIC33F/gld \
  build/default/production/ObjDict.o \
  build/default/production/clock.o \
  build/default/production/main.o \
  build/default/production/sensor_can.o \
  build/default/production/sensor_hallsensors.o \
  build/default/production/sensor_http.o \
  build/default/production/sensor_imu.o \
  build/default/production/sensor_iptest.o \
  build/default/production/sensor_led.o \
  build/default/production/sensor_loadcell.o \
  build/default/production/sensor_memdebug.o \
  build/default/production/sensor_pindefs.o \
  build/default/production/sensor_pmsm.o \
  build/default/production/sensor_rf.o \
  build/default/production/sensor_state.o \
  build/default/production/sensor_timers.o \
  build/default/production/sensor_uart.o \
  build/default/production/superball_circularbuffer.o \
  build/default/production/traps.o \
  build/default/production/xbee_API.o \
  build/default/production/_ext/532265478/dcf.o \
  build/default/production/_ext/532265478/emcy.o \
  build/default/production/_ext/532265478/lifegrd.o \
  build/default/production/_ext/532265478/lss.o \
  build/default/production/_ext/532265478/nmtMaster.o \
  build/default/production/_ext/532265478/nmtSlave.o \
  build/default/production/_ext/532265478/objacces.o \
  build/default/production/_ext/532265478/pdo.o \
  build/default/production/_ext/532265478/sdo.o \
  build/default/production/_ext/532265478/states.o \
  build/default/production/_ext/532265478/symbols.o \
  build/default/production/_ext/532265478/sync.o \
  build/default/production/_ext/532265478/timer.o \
  build/default/production/_ext/2093447502/http_parser.o \
  build/default/production/_ext/1162098784/jsmn.o \
  ../libs/dspic_CanFestival/dist/default/production/dspic_CanFestival.a \
  ../libs/dspic_http-parser/dist/default/production/dspic_http-parser.a \
  ../libs/dspic_jsmn/dist/default/production/dspic_jsmn.a \
  --local-stack \
  --defsym=__MPLAB_BUILD=1 \
  -Tp33EP128MC506.gld.00 \
  --heap=5000 \
  --stack=16 \
  --check-sections \
  --data-init \
  --pack-data \
  --handles \
  --isr \
  --no-gc-sections \
  --fill-upper=0 \
  --stackguard=16 \
  --no-force-link \
  --smart-io \
  -Map=dist/default/production/Sensor_Board.production.map \
  --report-mem \
  -start-group \
  --library=fx-elf \
  --library=pic30-elf \
  --library=m-elf \
  --library=c-elf \
  -end-group \

Archive member included because of file (symbol)

../libs/dspic_CanFestival/dist/default/production/dspic_CanFestival.a(can_dspic33e.o)
                              build/default/production/sensor_can.o (_canInit)
../libs/dspic_CanFestival/dist/default/production/dspic_CanFestival.a(timer_dspic.o)
                              build/default/production/sensor_can.o (_initTimer)
/opt/microchip/xc16/v1.21/bin/bin/../../lib/dsPIC33E/libp33EP128MC506-elf.a(OpenDMA0.o)
                              ../libs/dspic_CanFestival/dist/default/production/dspic_CanFestival.a(can_dspic33e.o) (_OpenDMA0)
/opt/microchip/xc16/v1.21/bin/bin/../../lib/dsPIC33E/libp33EP128MC506-elf.a(OpenDMA1.o)
                              ../libs/dspic_CanFestival/dist/default/production/dspic_CanFestival.a(can_dspic33e.o) (_OpenDMA1)
/opt/microchip/xc16/v1.21/bin/bin/../../lib/dsPIC33E/libp33EP128MC506-elf.a(OpenDMA2.o)
                              build/default/production/sensor_rf.o (_OpenDMA2)
/opt/microchip/xc16/v1.21/bin/bin/../../lib/dsPIC33E/libp33EP128MC506-elf.a(OpenDMA3.o)
                              build/default/production/sensor_rf.o (_OpenDMA3)
/opt/microchip/xc16/v1.21/bin/bin/../../lib/dsPIC33E/libp33EP128MC506-elf.a(CAN1ClearRXFUL1.o)
                              ../libs/dspic_CanFestival/dist/default/production/dspic_CanFestival.a(can_dspic33e.o) (_CAN1ClearRXFUL1)
/opt/microchip/xc16/v1.21/bin/bin/../../lib/dsPIC33E/libp33EP128MC506-elf.a(CAN1ClearRXFUL2.o)
                              ../libs/dspic_CanFestival/dist/default/production/dspic_CanFestival.a(can_dspic33e.o) (_CAN1ClearRXFUL2)
[...]
Memory Configuration

Name             Origin             Length             Attributes
data             0x001000           0x004000           a !xr
reset            0x000000           0x000004  
ivt              0x000004           0x0001fc  
program          0x000200           0x0155ea           xr
FICD             0x0157f0           0x000002  
FPOR             0x0157f2           0x000002  
FWDT             0x0157f4           0x000002  
FOSC             0x0157f6           0x000002  
FOSCSEL          0x0157f8           0x000002  
FGS              0x0157fa           0x000002  
FUID0            0x800ff8           0x000002  
FUID1            0x800ffa           0x000002  
FUID2            0x800ffc           0x000002  
FUID3            0x800ffe           0x000002  
*default*        0x000000           0xffffffff  

Linker script and memory map

LOAD build/default/production/ObjDict.o
LOAD build/default/production/clock.o
LOAD build/default/production/main.o
LOAD build/default/production/sensor_can.o
LOAD build/default/production/sensor_hallsensors.o
LOAD build/default/production/sensor_http.o
LOAD build/default/production/sensor_imu.o
LOAD build/default/production/sensor_iptest.o
LOAD build/default/production/sensor_led.o
LOAD build/default/production/sensor_loadcell.o
LOAD build/default/production/sensor_memdebug.o
LOAD build/default/production/sensor_pindefs.o
LOAD build/default/production/sensor_pmsm.o
LOAD build/default/production/sensor_rf.o
LOAD build/default/production/sensor_state.o
LOAD build/default/production/sensor_timers.o
LOAD build/default/production/sensor_uart.o
LOAD build/default/production/superball_circularbuffer.o
LOAD build/default/production/traps.o
LOAD build/default/production/xbee_API.o
LOAD build/default/production/_ext/532265478/dcf.o
LOAD build/default/production/_ext/532265478/emcy.o
LOAD build/default/production/_ext/532265478/lifegrd.o
LOAD build/default/production/_ext/532265478/lss.o
LOAD build/default/production/_ext/532265478/nmtMaster.o
LOAD build/default/production/_ext/532265478/nmtSlave.o
LOAD build/default/production/_ext/532265478/objacces.o
LOAD build/default/production/_ext/532265478/pdo.o
LOAD build/default/production/_ext/532265478/sdo.o
LOAD build/default/production/_ext/532265478/states.o
LOAD build/default/production/_ext/532265478/symbols.o
LOAD build/default/production/_ext/532265478/sync.o
LOAD build/default/production/_ext/532265478/timer.o
LOAD build/default/production/_ext/2093447502/http_parser.o
LOAD build/default/production/_ext/1162098784/jsmn.o
LOAD ../libs/dspic_CanFestival/dist/default/production/dspic_CanFestival.a
LOAD ../libs/dspic_http-parser/dist/default/production/dspic_http-parser.a
LOAD ../libs/dspic_jsmn/dist/default/production/dspic_jsmn.a
                    0x0001                  __MPLAB_BUILD = 0x1
LOAD /opt/microchip/xc16/v1.21/bin/bin/../../lib/dsPIC33E/libp33EP128MC506-elf.a
                    0x157f0                  __FICD = 0x157f0
                    0x157f2                  __FPOR = 0x157f2
                    0x157f4                  __FWDT = 0x157f4
                    0x157f6                  __FOSC = 0x157f6
                    0x157f8                  __FOSCSEL = 0x157f8
                    0x157fa                  __FGS = 0x157fa
                    0x800ff8                  __FUID0 = 0x800ff8
                    0x800ffa                  __FUID1 = 0x800ffa
                    0x800ffc                  __FUID2 = 0x800ffc
                    0x800ffe                  __FUID3 = 0x800ffe
                    0x0004                  __IVT_BASE = 0x4
                    0x1000                  __DATA_BASE = 0x1000
                    0x4000                  __DATA_LENGTH = 0x4000
                    0x3000                  __YDATA_BASE = 0x3000
                    0x0200                  __CODE_BASE = 0x200
                    0x155ec                  __CODE_LENGTH = 0x155ec

.reset            0x000000          0x4
                  0x000000          0x2 SHORT 0x200 ABSOLUTE (__reset)
                  0x000001          0x2 SHORT 0x4
                  0x000002          0x2 SHORT 0x0 ((ABSOLUTE (__reset) >> 0x10) & 0x7f)
                  0x000003          0x2 SHORT 0x0

.text             0x000200       0x228e
 *(.init)
 .init            0x000200         0x32 /opt/microchip/xc16/v1.21/bin/bin/../../lib/libpic30-elf.a(crt0_extendedep.o)
                  0x000200                  __reset
                  0x000200                  __resetPRI
                  0x000226                  __psv_init
 .init            0x000232         0x9a /opt/microchip/xc16/v1.21/bin/bin/../../lib/libpic30-elf.a(data_init_extendedep.o)
                  0x000232                  __data_init_extended
                  0x000232                  __data_init
 *(.user_init)
 *(.handle)
 .handle          0x0002cc         0x94 jump_table
 *(.isr*)
 .isr.text        0x000360         0x40 build/default/production/traps.o
                  0x000360                  __OscillatorFail
                  0x000368                  __AddressError
                  0x000370                  __StackError
                  0x000378                  __MathError
                  0x000380                  __AltOscillatorFail
                  0x000388                  __AltAddressError
                  0x000390                  __AltStackError
                  0x000398                  __AltMathError
 .isr             0x0003a0          0x4 default_isr
                  0x0003a0                  __DefaultInterrupt
 *(.libc)
 .libc            0x0003a4         0x14 /opt/microchip/xc16/v1.21/bin/bin/../../lib/libc-elf.a(isalpha.epeso)
                  0x0003a4                  _isalpha
 .libc            0x0003b8         0x10 /opt/microchip/xc16/v1.21/bin/bin/../../lib/libc-elf.a(isspace.epeso)
                  0x0003b8                  _isspace
 .libc            0x0003c8          0xe /opt/microchip/xc16/v1.21/bin/bin/../../lib/libc-elf.a(toupper.epeso)
                  0x0003c8                  _toupper
 *(.libm)
 *(.libdsp)
 *(.lib*)
 .libperi         0x0003d6         0x18 /opt/microchip/xc16/v1.21/bin/bin/../../lib/dsPIC33E/libp33EP128MC506-elf.a(OpenDMA0.o)
                  0x0003d6                  _OpenDMA0
 .libperi         0x0003ee         0x18 /opt/microchip/xc16/v1.21/bin/bin/../../lib/dsPIC33E/libp33EP128MC506-elf.a(OpenDMA1.o)
                  0x0003ee                  _OpenDMA1
 .libperi         0x000406         0x18 /opt/microchip/xc16/v1.21/bin/bin/../../lib/dsPIC33E/libp33EP128MC506-elf.a(OpenDMA2.o)
                  0x000406                  _OpenDMA2
 .libperi         0x00041e         0x18 /opt/microchip/xc16/v1.21/bin/bin/../../lib/dsPIC33E/libp33EP128MC506-elf.a(OpenDMA3.o)
                  0x00041e                  _OpenDMA3
 .libperi         0x000436          0x8 /opt/microchip/xc16/v1.21/bin/bin/../../lib/dsPIC33E/libp33EP128MC506-elf.a(CAN1ClearRXFUL1.o)
                  0x000436                  _CAN1ClearRXFUL1
 .libperi         0x00043e          0x8 /opt/microchip/xc16/v1.21/bin/bin/../../lib/dsPIC33E/libp33EP128MC506-elf.a(CAN1ClearRXFUL2.o)
                  0x00043e                  _CAN1ClearRXFUL2
 .libperi         0x000446          0x8 /opt/microchip/xc16/v1.21/bin/bin/../../lib/dsPIC33E/libp33EP128MC506-elf.a(CAN1ClearRXOVF1.o)
                  0x000446                  _CAN1ClearRXOVF1
 .libperi         0x00044e          0x8 /opt/microchip/xc16/v1.21/bin/bin/../../lib/dsPIC33E/libp33EP128MC506-elf.a(CAN1ClearRXOVF2.o)
                  0x00044e                  _CAN1ClearRXOVF2
 .libperi         0x000456         0x26 /opt/microchip/xc16/v1.21/bin/bin/../../lib/dsPIC33E/libp33EP128MC506-elf.a(ConfigIntCAN1.o)
                  0x000456                  _ConfigIntCAN1
 .libm.umodsi3    0x00047c          0x6 /opt/microchip/xc16/v1.21/bin/bin/../../lib/libm-elf.a(umodsi3.epeo)
                  0x00047c                  ___umodsi3
 .libm.__muldi3.__muldi3
                  0x000482         0x56 /opt/microchip/xc16/v1.21/bin/bin/../../lib/libm-elf.a(muldi3.epeo)
                  0x000482                  ___muldi3
 .libm.udivsi3    0x0004d8         0x20 /opt/microchip/xc16/v1.21/bin/bin/../../lib/libm-elf.a(udivsi3.epeo)
                  0x0004d8                  ___udivsi3
 .libm.umuldi3    0x0004f8         0x44 /opt/microchip/xc16/v1.21/bin/bin/../../lib/libm-elf.a(umuldi3.epeo)
                  0x0004f8                  ___umuldi3
 .libc._fassert._fassert
                  0x00053c         0x20 /opt/microchip/xc16/v1.21/bin/bin/../../lib/libc-elf.a(fassert.epeo)
                  0x00053c                  __fassert
 .libc.fprintf.fprintf
                  0x00055c          0xc /opt/microchip/xc16/v1.21/bin/bin/../../lib/libc-elf.a(fprintf.epeo)
                  0x00055c                  _fprintf
 .libc.malloc.malloc
                  0x000568        0x118 /opt/microchip/xc16/v1.21/bin/bin/../../lib/libc-elf.a(malloc.epeo)
                  0x000568                  _malloc
 .libc.free.free
                  0x000680         0x1a /opt/microchip/xc16/v1.21/bin/bin/../../lib/libc-elf.a(malloc.epeo)
                  0x000680                  _free
 .libc.realloc.realloc
                  0x00069a         0x80 /opt/microchip/xc16/v1.21/bin/bin/../../lib/libc-elf.a(malloc.epeo)
                  0x00069a                  _realloc
 .libc.memcmp.memcmp
                  0x00071a         0x2e /opt/microchip/xc16/v1.21/bin/bin/../../lib/libc-elf.a(memcmp.epeo)
                  0x00071a                  _memcmp
 .libc.memcpy.memcpy
                  0x000748         0x12 /opt/microchip/xc16/v1.21/bin/bin/../../lib/libc-elf.a(memcpy.epeo)
                  0x000748                  _memcpy
 .libc.memset.memset
                  0x00075a         0x12 /opt/microchip/xc16/v1.21/bin/bin/../../lib/libc-elf.a(memset.epeo)
                  0x00075a                  _memset
 .libc.sprintf.sprintf
                  0x00076c         0x2a /opt/microchip/xc16/v1.21/bin/bin/../../lib/libc-elf.a(sprintf.epeo)
                  0x00076c                  _sprintf
 .libc.strlen.strlen
                  0x000796         0x12 /opt/microchip/xc16/v1.21/bin/bin/../../lib/libc-elf.a(strlen.epeo)
                  0x000796                  _strlen
 .libc.strncmp.strncmp
                  0x0007a8         0x26 /opt/microchip/xc16/v1.21/bin/bin/../../lib/libc-elf.a(strncmp.epeo)
                  0x0007a8                  _strncmp
 .libc.strtoul.strtoul
                  0x0007ce        0x10e /opt/microchip/xc16/v1.21/bin/bin/../../lib/libc-elf.a(strtol.epeo)
                  0x0007ce                  _strtoul
 .libc.strtol.strtol
                  0x0008dc         0x94 /opt/microchip/xc16/v1.21/bin/bin/../../lib/libc-elf.a(strtol.epeo)
                  0x0008dc                  _strtol
 .libc.signal.signal
                  0x000970         0x18 /opt/microchip/xc16/v1.21/bin/bin/../../lib/libc-elf.a(signal.epeo)
                  0x000970                  _signal
 .libc.raise.raise
                  0x000988         0x36 /opt/microchip/xc16/v1.21/bin/bin/../../lib/libc-elf.a(signal.epeo)
                  0x000988                  _raise
 .libc.abort.abort
                  0x0009be          0xa /opt/microchip/xc16/v1.21/bin/bin/../../lib/libc-elf.a(signal.epeo)
                  0x0009be                  _abort
 .libc.exit.exit
                  0x0009c8          0xa /opt/microchip/xc16/v1.21/bin/bin/../../lib/libc-elf.a(exit.epelo)
                  0x0009c8                  _exit
 .libc._cleanup._cleanup
                  0x0009d2          0x6 /opt/microchip/xc16/v1.21/bin/bin/../../lib/libc-elf.a(stdclean.epelo)
                  0x0009d2                  __cleanup
 .libc.fround.fround
                  0x0009d8         0xaa /opt/microchip/xc16/v1.21/bin/bin/../../lib/libc-elf.a(doprnt.epeo)
 .libc.scale.scale
                  0x000a82         0xb8 /opt/microchip/xc16/v1.21/bin/bin/../../lib/libc-elf.a(doprnt.epeo)
 .libc.vfprintf.vfprintf
                  0x000b3a        0xede /opt/microchip/xc16/v1.21/bin/bin/../../lib/libc-elf.a(doprnt.epeo)
                  0x000b3a                  _vfprintf
 .libc.fputc.fputc
                  0x001a18         0x8c /opt/microchip/xc16/v1.21/bin/bin/../../lib/libc-elf.a(fputc.epeo)
                  0x001a18                  _fputc
 .libc._flsbuf._flsbuf
                  0x001aa4         0x80 /opt/microchip/xc16/v1.21/bin/bin/../../lib/libc-elf.a(flsbuf.epeo)
                  0x001aa4                  __flsbuf
 .libc._exit      0x001b24         0x1a /opt/microchip/xc16/v1.21/bin/bin/../../lib/libpic30-elf.a(_exitep.eo)
                  0x001b24                  __exit
 .libc.dowrite.dowrite
                  0x001b3e          0x8 /opt/microchip/xc16/v1.21/bin/bin/../../lib/libpic30-elf.a(writeep.eo)
 .libc.write      0x001b46         0x60 /opt/microchip/xc16/v1.21/bin/bin/../../lib/libpic30-elf.a(writeep.eo)
                  0x001b46                  _write
 .libc.sbrk       0x001ba6         0x2c /opt/microchip/xc16/v1.21/bin/bin/../../lib/libpic30-elf.a(sbrkep.eo)
                  0x001ba6                  _sbrk
 .libc.brk        0x001bd2         0x20 /opt/microchip/xc16/v1.21/bin/bin/../../lib/libpic30-elf.a(brkep.elo)
                  0x001bd2                  _brk
 .libm.adddf3     0x001bf2         0xfa /opt/microchip/xc16/v1.21/bin/bin/../../lib/libm-elf.a(adddf3.epeo)
                  0x001bf2                  ___adddf3
 .libm.eqdf2      0x001cec          0xa /opt/microchip/xc16/v1.21/bin/bin/../../lib/libm-elf.a(deqltle.epeo)
                  0x001cec                  ___ledf2
                  0x001cec                  ___eqdf2
                  0x001cec                  ___ltdf2
 .libm.gtdf2      0x001cf6          0xa /opt/microchip/xc16/v1.21/bin/bin/../../lib/libm-elf.a(dgtge.epeo)
                  0x001cf6                  ___gedf2
                  0x001cf6                  ___gtdf2
 .libm.divdf3     0x001d00         0xb4 /opt/microchip/xc16/v1.21/bin/bin/../../lib/libm-elf.a(divdf3.epeo)
                  0x001d00                  ___divdf3
 .libm.nedf2      0x001db4          0xa /opt/microchip/xc16/v1.21/bin/bin/../../lib/libm-elf.a(dne.epeo)
                  0x001db4                  ___nedf2
 .libm.dpack      0x001dbe         0x58 /opt/microchip/xc16/v1.21/bin/bin/../../lib/libm-elf.a(dpack.epeo)
                  0x001dbe                  __dpack
 .libm.dunpack2
                  0x001e16         0x32 /opt/microchip/xc16/v1.21/bin/bin/../../lib/libm-elf.a(dunpack2.epeo)
                  0x001e16                  __dunpack2
                  0x001e38                  __dreturnNaN
                  0x001e3e                  __dunpack2exit
 .libm.extendsfdf2
                  0x001e48         0x3e /opt/microchip/xc16/v1.21/bin/bin/../../lib/libm-elf.a(extendsfdf.epeo)
                  0x001e48                  ___extendsfdf2
 .libm.fixunsdfdi
                  0x001e86         0x62 /opt/microchip/xc16/v1.21/bin/bin/../../lib/libm-elf.a(fixunsdfdi.epeo)
                  0x001e86                  ___fixunsdfdi
 .libm.fixunsdfsi
                  0x001ee8         0x4c /opt/microchip/xc16/v1.21/bin/bin/../../lib/libm-elf.a(fixunsdfsi.epeo)
                  0x001ee8                  ___fixunsdfsi
 .libm.floatundidf
                  0x001f34         0x56 /opt/microchip/xc16/v1.21/bin/bin/../../lib/libm-elf.a(floatundidf.epeo)
                  0x001f34                  ___floatundidf
 .libm.floatunsidf
                  0x001f8a          0x4 /opt/microchip/xc16/v1.21/bin/bin/../../lib/libm-elf.a(floatunsidf.epeo)
                  0x001f8a                  ___floatunsidf
 .libm.frexp      0x001f8e         0x3a /opt/microchip/xc16/v1.21/bin/bin/../../lib/libm-elf.a(frexp.epeo)
                  0x001f8e                  _frexpl
                  0x001f8e                  _frexp
 .libm.funpack    0x001fc8         0x2a /opt/microchip/xc16/v1.21/bin/bin/../../lib/libm-elf.a(funpack.epeo)
                  0x001fc8                  __funpack
 .libm.muldf3     0x001ff2         0xea /opt/microchip/xc16/v1.21/bin/bin/../../lib/libm-elf.a(muldf3.epeo)
                  0x001ff2                  ___muldf3
 .libm.subdf3     0x0020dc          0x4 /opt/microchip/xc16/v1.21/bin/bin/../../lib/libm-elf.a(subdf3.epeo)
                  0x0020dc                  ___subdf3
 .libm.truncdfsf2
                  0x0020e0         0x56 /opt/microchip/xc16/v1.21/bin/bin/../../lib/libm-elf.a(truncdfsf.epeo)
                  0x0020e0                  ___truncdfsf2
 .libm.mulsi3     0x002136          0xc /opt/microchip/xc16/v1.21/bin/bin/../../lib/libm-elf.a(mulsi3.epeo)
                  0x002136                  ___mulp32eds3
                  0x002136                  ___mulp32peds3
                  0x002136                  ___mulsi3
 .libm.__PplusBdi.__PplusBdi
                  0x002142         0x2c /opt/microchip/xc16/v1.21/bin/bin/../../lib/libm-elf.a(divmoddi3.epeo)
 .libm.__PminusBdi.__PminusBdi
                  0x00216e         0x42 /opt/microchip/xc16/v1.21/bin/bin/../../lib/libm-elf.a(divmoddi3.epeo)
 .libm.__udivmoddi3.__udivmoddi3
                  0x0021b0         0xd0 /opt/microchip/xc16/v1.21/bin/bin/../../lib/libm-elf.a(divmoddi3.epeo)
                  0x0021b0                  ___udivmoddi3
 .libm.__udivdi3.__udivdi3
                  0x002280         0x12 /opt/microchip/xc16/v1.21/bin/bin/../../lib/libm-elf.a(divmoddi3.epeo)
                  0x002280                  ___udivdi3
 .libm.__umoddi3.__umoddi3
                  0x002292          0xc /opt/microchip/xc16/v1.21/bin/bin/../../lib/libm-elf.a(divmoddi3.epeo)
                  0x002292                  ___umoddi3
 .libm.__divdi3.__divdi3
                  0x00229e         0x64 /opt/microchip/xc16/v1.21/bin/bin/../../lib/libm-elf.a(divmoddi3.epeo)
                  0x00229e                  ___divdi3
 .libm.__moddi3.__moddi3
                  0x002302         0x60 /opt/microchip/xc16/v1.21/bin/bin/../../lib/libm-elf.a(divmoddi3.epeo)
                  0x002302                  ___moddi3
 .libm.dcompare
                  0x002362         0x52 /opt/microchip/xc16/v1.21/bin/bin/../../lib/libm-elf.a(dcompare.epeo)
                  0x002362                  __dcompare
 .libm.dPropagateNaN
                  0x0023b4         0x1c /opt/microchip/xc16/v1.21/bin/bin/../../lib/libm-elf.a(dpropagateNaN.epeo)
                  0x0023b4                  __dPropagateNaN
 .libm.dtype      0x0023d0         0x24 /opt/microchip/xc16/v1.21/bin/bin/../../lib/libm-elf.a(dtype.epeo)
                  0x0023d0                  __dtype
 .libm.dunpack    0x0023f4         0x4e /opt/microchip/xc16/v1.21/bin/bin/../../lib/libm-elf.a(dunpack.epeo)
                  0x0023f4                  __dunpack
 .libm.fpack      0x002442         0x4c /opt/microchip/xc16/v1.21/bin/bin/../../lib/libm-elf.a(fpack.epeo)
                  0x002442                  __fpack

usercode
 *(usercode)

__FICD            0x0157f0          0x2
 *(__FICD.sec*)
 __FICD.sec       0x0157f0          0x2 build/default/production/clock.o

__FPOR
 *(__FPOR.sec*)

__FWDT            0x0157f4          0x2
 *(__FWDT.sec*)
 __FWDT.sec       0x0157f4          0x2 build/default/production/clock.o

__FOSC            0x0157f6          0x2
 *(__FOSC.sec*)
 __FOSC.sec       0x0157f6          0x2 build/default/production/clock.o

__FOSCSEL         0x0157f8          0x2
 *(__FOSCSEL.sec*)
 __FOSCSEL.sec    0x0157f8          0x2 build/default/production/clock.o

__FGS
 *(__FGS.sec*)

__FUID0
 *(__FUID0.sec*)

__FUID1
 *(__FUID1.sec*)

__FUID2
 *(__FUID2.sec*)

__FUID3
 *(__FUID3.sec*)

.comment
 *(.comment)

.debug_info       0x000000      0x24d14
 *(.debug_info)
 .debug_info      0x000000       0x2515 build/default/production/ObjDict.o
 .debug_info      0x002515        0x619 build/default/production/clock.o
 .debug_info      0x002b2e        0xb80 build/default/production/main.o
 .debug_info      0x0036ae       0x1c14 build/default/production/sensor_can.o
 .debug_info      0x0052c2       0x14d5 build/default/production/sensor_http.o
 .debug_info      0x006797        0xbcb build/default/production/sensor_imu.o
 .debug_info      0x007362        0x673 build/default/production/sensor_iptest.o
 .debug_info      0x0079d5        0x678 build/default/production/sensor_led.o
 .debug_info      0x00804d       0x16b6 build/default/production/sensor_loadcell.o
 .debug_info      0x009703        0x282 build/default/production/sensor_memdebug.o
 .debug_info      0x009985       0x251a build/default/production/sensor_pindefs.o
 .debug_info      0x00be9f        0x121 build/default/production/sensor_pmsm.o
 .debug_info      0x00bfc0       0x2d89 build/default/production/sensor_rf.o
 .debug_info      0x00ed49        0x3da build/default/production/sensor_state.o
 .debug_info      0x00f123        0x81b build/default/production/sensor_timers.o
 .debug_info      0x00f93e        0xd6a build/default/production/sensor_uart.o
 .debug_info      0x0106a8        0x558 build/default/production/superball_circularbuffer.o
 .debug_info      0x010c00        0x41c build/default/production/traps.o
 .debug_info      0x01101c        0x2fb build/default/production/xbee_API.o
 .debug_info      0x011317       0x14d0 build/default/production/_ext/532265478/dcf.o
 .debug_info      0x0127e7       0x13db build/default/production/_ext/532265478/emcy.o
 .debug_info      0x013bc2       0x172e build/default/production/_ext/532265478/lifegrd.o
 .debug_info      0x0152f0        0x168 build/default/production/_ext/532265478/lss.o
 .debug_info      0x015458       0x11f0 build/default/production/_ext/532265478/nmtMaster.o
 .debug_info      0x016648       0x119b build/default/production/_ext/532265478/nmtSlave.o
 .debug_info      0x0177e3       0x1479 build/default/production/_ext/532265478/objacces.o
 .debug_info      0x018c5c       0x192c build/default/production/_ext/532265478/pdo.o
 .debug_info      0x01a588       0x21a4 build/default/production/_ext/532265478/sdo.o
 .debug_info      0x01c72c       0x13ff build/default/production/_ext/532265478/states.o
 .debug_info      0x01db2b        0x16c build/default/production/_ext/532265478/symbols.o
 .debug_info      0x01dc97       0x12c5 build/default/production/_ext/532265478/sync.o
 .debug_info      0x01ef5c       0x1376 build/default/production/_ext/532265478/timer.o
 .debug_info      0x0202d2       0x180d build/default/production/_ext/2093447502/http_parser.o
 .debug_info      0x021adf        0x52b build/default/production/_ext/1162098784/jsmn.o
 .debug_info      0x02200a       0x2280 ../libs/dspic_CanFestival/dist/default/production/dspic_CanFestival.a(can_dspic33e.o)
 .debug_info      0x02428a        0xa8a ../libs/dspic_CanFestival/dist/default/production/dspic_CanFestival.a(timer_dspic.o)
 *(.gnu.linkonce.wi.*)

.debug_abbrev     0x000000       0x31d2
 *(.debug_abbrev)
 .debug_abbrev    0x000000        0x183 build/default/production/ObjDict.o
 .debug_abbrev    0x000183        0x11d build/default/production/clock.o
 .debug_abbrev    0x0002a0        0x1a1 build/default/production/main.o
 .debug_abbrev    0x000441        0x30d build/default/production/sensor_can.o
 .debug_abbrev    0x00074e          0x1 build/default/production/sensor_hallsensors.o
 .debug_abbrev    0x00074f        0x217 build/default/production/sensor_http.o
 .debug_abbrev    0x000966        0x160 build/default/production/sensor_imu.o
 .debug_abbrev    0x000ac6        0x179 build/default/production/sensor_iptest.o
 .debug_abbrev    0x000c3f        0x13b build/default/production/sensor_led.o
 .debug_abbrev    0x000d7a        0x1c8 build/default/production/sensor_loadcell.o
 .debug_abbrev    0x000f42         0xc5 build/default/production/sensor_memdebug.o
 .debug_abbrev    0x001007         0xdb build/default/production/sensor_pindefs.o
 .debug_abbrev    0x0010e2         0x1f build/default/production/sensor_pmsm.o
 .debug_abbrev    0x001101        0x296 build/default/production/sensor_rf.o
 .debug_abbrev    0x001397         0xec build/default/production/sensor_state.o
 .debug_abbrev    0x001483        0x15f build/default/production/sensor_timers.o
 .debug_abbrev    0x0015e2        0x19e build/default/production/sensor_uart.o
 .debug_abbrev    0x001780         0xfa build/default/production/superball_circularbuffer.o
 .debug_abbrev    0x00187a         0x7d build/default/production/traps.o
 .debug_abbrev    0x0018f7         0x8b build/default/production/xbee_API.o
 .debug_abbrev    0x001982        0x1f8 build/default/production/_ext/532265478/dcf.o
 .debug_abbrev    0x001b7a        0x182 build/default/production/_ext/532265478/emcy.o
 .debug_abbrev    0x001cfc        0x213 build/default/production/_ext/532265478/lifegrd.o
 .debug_abbrev    0x001f0f         0x1f build/default/production/_ext/532265478/lss.o
 .debug_abbrev    0x001f2e        0x126 build/default/production/_ext/532265478/nmtMaster.o
 .debug_abbrev    0x002054        0x124 build/default/production/_ext/532265478/nmtSlave.o
 .debug_abbrev    0x002178        0x1bf build/default/production/_ext/532265478/objacces.o
 .debug_abbrev    0x002337        0x1dd build/default/production/_ext/532265478/pdo.o
 .debug_abbrev    0x002514        0x1cd build/default/production/_ext/532265478/sdo.o
 .debug_abbrev    0x0026e1        0x1b7 build/default/production/_ext/532265478/states.o
 .debug_abbrev    0x002898         0x1f build/default/production/_ext/532265478/symbols.o
 .debug_abbrev    0x0028b7        0x132 build/default/production/_ext/532265478/sync.o
 .debug_abbrev    0x0029e9        0x188 build/default/production/_ext/532265478/timer.o
 .debug_abbrev    0x002b71        0x1e7 build/default/production/_ext/2093447502/http_parser.o
 .debug_abbrev    0x002d58        0x129 build/default/production/_ext/1162098784/jsmn.o
 .debug_abbrev    0x002e81        0x1ee ../libs/dspic_CanFestival/dist/default/production/dspic_CanFestival.a(can_dspic33e.o)
 .debug_abbrev    0x00306f        0x163 ../libs/dspic_CanFestival/dist/default/production/dspic_CanFestival.a(timer_dspic.o)

.debug_line       0x000000       0xd248
 *(.debug_line)
 .debug_line      0x000000        0x2e3 build/default/production/ObjDict.o
 .debug_line      0x0002e3        0x135 build/default/production/clock.o
 .debug_line      0x000418        0x2c1 build/default/production/main.o
 .debug_line      0x0006d9        0x809 build/default/production/sensor_can.o
 .debug_line      0x000ee2         0x24 build/default/production/sensor_hallsensors.o
 .debug_line      0x000f06        0x51c build/default/production/sensor_http.o
 .debug_line      0x001422        0x863 build/default/production/sensor_imu.o
 .debug_line      0x001c85        0x1f9 build/default/production/sensor_iptest.o
 .debug_line      0x001e7e        0x22a build/default/production/sensor_led.o
 .debug_line      0x0020a8        0x77a build/default/production/sensor_loadcell.o
 .debug_line      0x002822        0x1ee build/default/production/sensor_memdebug.o
 .debug_line      0x002a10        0x2b2 build/default/production/sensor_pindefs.o
 .debug_line      0x002cc2         0x24 build/default/production/sensor_pmsm.o
 .debug_line      0x002ce6       0x1422 build/default/production/sensor_rf.o
 .debug_line      0x004108        0x142 build/default/production/sensor_state.o
 .debug_line      0x00424a        0x143 build/default/production/sensor_timers.o
 .debug_line      0x00438d        0x521 build/default/production/sensor_uart.o
 .debug_line      0x0048ae        0x476 build/default/production/superball_circularbuffer.o
 .debug_line      0x004d24        0x1cd build/default/production/traps.o
 .debug_line      0x004ef1         0x80 build/default/production/xbee_API.o
 .debug_line      0x004f71        0x576 build/default/production/_ext/532265478/dcf.o
 .debug_line      0x0054e7        0x48c build/default/production/_ext/532265478/emcy.o
 .debug_line      0x005973        0x6b3 build/default/production/_ext/532265478/lifegrd.o
 .debug_line      0x006026         0x24 build/default/production/_ext/532265478/lss.o
 .debug_line      0x00604a        0x251 build/default/production/_ext/532265478/nmtMaster.o
 .debug_line      0x00629b        0x2f8 build/default/production/_ext/532265478/nmtSlave.o
 .debug_line      0x006593        0x447 build/default/production/_ext/532265478/objacces.o
 .debug_line      0x0069da        0xd07 build/default/production/_ext/532265478/pdo.o
 .debug_line      0x0076e1       0x23ea build/default/production/_ext/532265478/sdo.o
 .debug_line      0x009acb        0x55a build/default/production/_ext/532265478/states.o
 .debug_line      0x00a025         0x24 build/default/production/_ext/532265478/symbols.o
 .debug_line      0x00a049        0x338 build/default/production/_ext/532265478/sync.o
 .debug_line      0x00a381        0x372 build/default/production/_ext/532265478/timer.o
 .debug_line      0x00a6f3       0x1d9c build/default/production/_ext/2093447502/http_parser.o
 .debug_line      0x00c48f        0x44a build/default/production/_ext/1162098784/jsmn.o
 .debug_line      0x00c8d9        0x6c0 ../libs/dspic_CanFestival/dist/default/production/dspic_CanFestival.a(can_dspic33e.o)
 .debug_line      0x00cf99        0x2af ../libs/dspic_CanFestival/dist/default/production/dspic_CanFestival.a(timer_dspic.o)

.debug_frame      0x000000       0x12e0
 *(.debug_frame)
 .debug_frame     0x000000         0x34 build/default/production/ObjDict.o
 .debug_frame     0x000034         0x24 build/default/production/clock.o
 .debug_frame     0x000058         0x24 build/default/production/main.o
 .debug_frame     0x00007c        0x160 build/default/production/sensor_can.o
 .debug_frame     0x0001dc         0xc8 build/default/production/sensor_http.o
 .debug_frame     0x0002a4         0x54 build/default/production/sensor_imu.o
 .debug_frame     0x0002f8         0x44 build/default/production/sensor_iptest.o
 .debug_frame     0x00033c         0x64 build/default/production/sensor_led.o
 .debug_frame     0x0003a0         0x74 build/default/production/sensor_loadcell.o
 .debug_frame     0x000414         0x64 build/default/production/sensor_memdebug.o
 .debug_frame     0x000478         0x24 build/default/production/sensor_pindefs.o
 .debug_frame     0x00049c        0x144 build/default/production/sensor_rf.o
 .debug_frame     0x0005e0         0x34 build/default/production/sensor_state.o
 .debug_frame     0x000614         0x34 build/default/production/sensor_timers.o
 .debug_frame     0x000648         0xc4 build/default/production/sensor_uart.o
 .debug_frame     0x00070c         0x94 build/default/production/superball_circularbuffer.o
 .debug_frame     0x0007a0         0x94 build/default/production/traps.o
 .debug_frame     0x000834         0xec build/default/production/_ext/532265478/dcf.o
 .debug_frame     0x000920         0x94 build/default/production/_ext/532265478/emcy.o
 .debug_frame     0x0009b4        0x124 build/default/production/_ext/532265478/lifegrd.o
 .debug_frame     0x000ad8         0x44 build/default/production/_ext/532265478/nmtMaster.o
 .debug_frame     0x000b1c         0x34 build/default/production/_ext/532265478/nmtSlave.o
 .debug_frame     0x000b50         0x74 build/default/production/_ext/532265478/objacces.o
 .debug_frame     0x000bc4         0xf4 build/default/production/_ext/532265478/pdo.o
 .debug_frame     0x000cb8        0x26c build/default/production/_ext/532265478/sdo.o
 .debug_frame     0x000f24         0xb4 build/default/production/_ext/532265478/states.o
 .debug_frame     0x000fd8         0xa4 build/default/production/_ext/532265478/sync.o
 .debug_frame     0x00107c         0x44 build/default/production/_ext/532265478/timer.o
 .debug_frame     0x0010c0         0xf4 build/default/production/_ext/2093447502/http_parser.o
 .debug_frame     0x0011b4         0x74 build/default/production/_ext/1162098784/jsmn.o
 .debug_frame     0x001228         0x64 ../libs/dspic_CanFestival/dist/default/production/dspic_CanFestival.a(can_dspic33e.o)
 .debug_frame     0x00128c         0x54 ../libs/dspic_CanFestival/dist/default/production/dspic_CanFestival.a(timer_dspic.o)

.debug_str        0x000000       0x1b3f
 *(.debug_str)
 .debug_str       0x000000       0x1018 build/default/production/ObjDict.o
 .debug_str       0x001018         0x22 build/default/production/clock.o
 .debug_str       0x00103a         0x60 build/default/production/main.o
 .debug_str       0x00109a         0x8a build/default/production/sensor_can.o
 .debug_str       0x001124         0xe9 build/default/production/sensor_http.o
 .debug_str       0x00120d         0x35 build/default/production/sensor_imu.o
 .debug_str       0x001242         0x3c build/default/production/sensor_iptest.o
 .debug_str       0x00127e         0x2e build/default/production/sensor_led.o
 .debug_str       0x0012ac         0xa5 build/default/production/sensor_loadcell.o
 .debug_str       0x001351        0x12a build/default/production/sensor_pindefs.o
 .debug_str       0x00147b        0x1c9 build/default/production/sensor_rf.o
 .debug_str       0x001644         0x1d build/default/production/sensor_state.o
 .debug_str       0x001661         0x31 build/default/production/sensor_timers.o
 .debug_str       0x001692         0x32 build/default/production/sensor_uart.o
 .debug_str       0x0016c4          0xf build/default/production/superball_circularbuffer.o
 .debug_str       0x0016d3         0x15 build/default/production/traps.o
 .debug_str       0x0016e8         0x24 build/default/production/_ext/532265478/dcf.o
 .debug_str       0x00170c         0x29 build/default/production/_ext/532265478/emcy.o
 .debug_str       0x001735         0x46 build/default/production/_ext/532265478/lifegrd.o
 .debug_str       0x00177b         0x6f build/default/production/_ext/532265478/objacces.o
 .debug_str       0x0017ea         0x96 build/default/production/_ext/532265478/pdo.o
 .debug_str       0x001880         0xa2 build/default/production/_ext/532265478/sdo.o
 .debug_str       0x001922         0x27 build/default/production/_ext/532265478/states.o
 .debug_str       0x001949         0x29 build/default/production/_ext/532265478/timer.o
 .debug_str       0x001972         0x3c build/default/production/_ext/2093447502/http_parser.o
 .debug_str       0x0019ae         0x25 build/default/production/_ext/1162098784/jsmn.o
 .debug_str       0x0019d3        0x133 ../libs/dspic_CanFestival/dist/default/production/dspic_CanFestival.a(can_dspic33e.o)
 .debug_str       0x001b06         0x39 ../libs/dspic_CanFestival/dist/default/production/dspic_CanFestival.a(timer_dspic.o)

.debug_loc
 *(.debug_loc)

.debug_macinfo
 *(.debug_macinfo)

.debug_pubnames
                  0x000000       0x281d
 *(.debug_pubnames)
 .debug_pubnames
                  0x000000       0x12be build/default/production/ObjDict.o
 .debug_pubnames
                  0x0012be         0x5c build/default/production/clock.o
 .debug_pubnames
                  0x00131a         0x1b build/default/production/main.o
 .debug_pubnames
                  0x001335        0x113 build/default/production/sensor_can.o
 .debug_pubnames
                  0x001448         0xfa build/default/production/sensor_http.o
 .debug_pubnames
                  0x001542         0x61 build/default/production/sensor_imu.o
 .debug_pubnames
                  0x0015a3         0x4d build/default/production/sensor_iptest.o
 .debug_pubnames
                  0x0015f0         0x6b build/default/production/sensor_led.o
 .debug_pubnames
                  0x00165b         0x8c build/default/production/sensor_loadcell.o
 .debug_pubnames
                  0x0016e7         0x57 build/default/production/sensor_memdebug.o
 .debug_pubnames
                  0x00173e         0x1f build/default/production/sensor_pindefs.o
 .debug_pubnames
                  0x00175d        0x22a build/default/production/sensor_rf.o
 .debug_pubnames
                  0x001987         0x56 build/default/production/sensor_state.o
 .debug_pubnames
                  0x0019dd         0x43 build/default/production/sensor_timers.o
 .debug_pubnames
                  0x001a20        0x10c build/default/production/sensor_uart.o
 .debug_pubnames
                  0x001b2c         0x8a build/default/production/superball_circularbuffer.o
 .debug_pubnames
                  0x001bb6         0xa8 build/default/production/traps.o
 .debug_pubnames
                  0x001c5e         0x4e build/default/production/xbee_API.o
 .debug_pubnames
                  0x001cac         0x8a build/default/production/_ext/532265478/dcf.o
 .debug_pubnames
                  0x001d36         0xa7 build/default/production/_ext/532265478/emcy.o
 .debug_pubnames
                  0x001ddd        0x17b build/default/production/_ext/532265478/lifegrd.o
 .debug_pubnames
                  0x001f58         0x65 build/default/production/_ext/532265478/nmtMaster.o
 .debug_pubnames
                  0x001fbd         0x40 build/default/production/_ext/532265478/nmtSlave.o
 .debug_pubnames
                  0x001ffd         0x90 build/default/production/_ext/532265478/objacces.o
 .debug_pubnames
                  0x00208d        0x116 build/default/production/_ext/532265478/pdo.o
 .debug_pubnames
                  0x0021a3        0x276 build/default/production/_ext/532265478/sdo.o
 .debug_pubnames
                  0x002419         0xbb build/default/production/_ext/532265478/states.o
 .debug_pubnames
                  0x0024d4         0xa2 build/default/production/_ext/532265478/sync.o
 .debug_pubnames
                  0x002576         0x7c build/default/production/_ext/532265478/timer.o
 .debug_pubnames
                  0x0025f2        0x117 build/default/production/_ext/2093447502/http_parser.o
 .debug_pubnames
                  0x002709         0x2f build/default/production/_ext/1162098784/jsmn.o
 .debug_pubnames
                  0x002738         0x94 ../libs/dspic_CanFestival/dist/default/production/dspic_CanFestival.a(can_dspic33e.o)
 .debug_pubnames
                  0x0027cc         0x51 ../libs/dspic_CanFestival/dist/default/production/dspic_CanFestival.a(timer_dspic.o)

.debug_ranges
 *(.debug_ranges)

.debug_aranges    0x000000        0x300
 *(.debug_aranges)
 .debug_aranges
                  0x000000         0x18 build/default/production/ObjDict.o
 .debug_aranges
                  0x000018         0x18 build/default/production/clock.o
 .debug_aranges
                  0x000030         0x18 build/default/production/main.o
 .debug_aranges
                  0x000048         0x18 build/default/production/sensor_can.o
 .debug_aranges
                  0x000060         0x18 build/default/production/sensor_http.o
 .debug_aranges
                  0x000078         0x18 build/default/production/sensor_imu.o
 .debug_aranges
                  0x000090         0x18 build/default/production/sensor_iptest.o
 .debug_aranges
                  0x0000a8         0x18 build/default/production/sensor_led.o
 .debug_aranges
                  0x0000c0         0x18 build/default/production/sensor_loadcell.o
 .debug_aranges
                  0x0000d8         0x18 build/default/production/sensor_memdebug.o
 .debug_aranges
                  0x0000f0         0x18 build/default/production/sensor_pindefs.o
 .debug_aranges
                  0x000108         0x18 build/default/production/sensor_rf.o
 .debug_aranges
                  0x000120         0x18 build/default/production/sensor_state.o
 .debug_aranges
                  0x000138         0x18 build/default/production/sensor_timers.o
 .debug_aranges
                  0x000150         0x18 build/default/production/sensor_uart.o
 .debug_aranges
                  0x000168         0x18 build/default/production/superball_circularbuffer.o
 .debug_aranges
                  0x000180         0x18 build/default/production/traps.o
 .debug_aranges
                  0x000198         0x18 build/default/production/_ext/532265478/dcf.o
 .debug_aranges
                  0x0001b0         0x18 build/default/production/_ext/532265478/emcy.o
 .debug_aranges
                  0x0001c8         0x18 build/default/production/_ext/532265478/lifegrd.o
 .debug_aranges
                  0x0001e0         0x18 build/default/production/_ext/532265478/nmtMaster.o
 .debug_aranges
                  0x0001f8         0x18 build/default/production/_ext/532265478/nmtSlave.o
 .debug_aranges
                  0x000210         0x18 build/default/production/_ext/532265478/objacces.o
 .debug_aranges
                  0x000228         0x18 build/default/production/_ext/532265478/pdo.o
 .debug_aranges
                  0x000240         0x18 build/default/production/_ext/532265478/sdo.o
 .debug_aranges
                  0x000258         0x18 build/default/production/_ext/532265478/states.o
 .debug_aranges
                  0x000270         0x18 build/default/production/_ext/532265478/sync.o
 .debug_aranges
                  0x000288         0x18 build/default/production/_ext/532265478/timer.o
 .debug_aranges
                  0x0002a0         0x18 build/default/production/_ext/2093447502/http_parser.o
 .debug_aranges
                  0x0002b8         0x18 build/default/production/_ext/1162098784/jsmn.o
 .debug_aranges
                  0x0002d0         0x18 ../libs/dspic_CanFestival/dist/default/production/dspic_CanFestival.a(can_dspic33e.o)
 .debug_aranges
                  0x0002e8         0x18 ../libs/dspic_CanFestival/dist/default/production/dspic_CanFestival.a(timer_dspic.o)

.ivt              0x000004        0x13e
                  0x000004          0x4 LONG 0x360 DEFINED (__OscillatorFail)?ABSOLUTE (__OscillatorFail):ABSOLUTE (__DefaultInterrupt)
                  0x000006          0x4 LONG 0x368 DEFINED (__AddressError)?ABSOLUTE (__AddressError):ABSOLUTE (__DefaultInterrupt)
                  0x000008          0x4 LONG 0x3a0 DEFINED (__HardTrapError)?ABSOLUTE (__HardTrapError):ABSOLUTE (__DefaultInterrupt)
                  0x00000a          0x4 LONG 0x370 DEFINED (__StackError)?ABSOLUTE (__StackError):ABSOLUTE (__DefaultInterrupt)
                  0x00000c          0x4 LONG 0x378 DEFINED (__MathError)?ABSOLUTE (__MathError):ABSOLUTE (__DefaultInterrupt)
                  0x00000e          0x4 LONG 0x3a0 DEFINED (__DMACError)?ABSOLUTE (__DMACError):ABSOLUTE (__DefaultInterrupt)
                  0x000010          0x4 LONG 0x3a0 DEFINED (__SoftTrapError)?ABSOLUTE (__SoftTrapError):ABSOLUTE (__DefaultInterrupt)
                  0x000012          0x4 LONG 0x3a0 DEFINED (__ReservedTrap7)?ABSOLUTE (__ReservedTrap7):ABSOLUTE (__DefaultInterrupt)
                  0x000014          0x4 LONG 0x3a0 DEFINED (__INT0Interrupt)?ABSOLUTE (__INT0Interrupt):ABSOLUTE (__DefaultInterrupt)
                  0x000016          0x4 LONG 0x3a0 DEFINED (__IC1Interrupt)?ABSOLUTE (__IC1Interrupt):ABSOLUTE (__DefaultInterrupt)
                  0x000018          0x4 LONG 0x3a0 DEFINED (__OC1Interrupt)?ABSOLUTE (__OC1Interrupt):ABSOLUTE (__DefaultInterrupt)
                  0x00001a          0x4 LONG 0x10ed0 DEFINED (__T1Interrupt)?ABSOLUTE (__T1Interrupt):ABSOLUTE (__DefaultInterrupt)
                  0x00001c          0x4 LONG 0x3a0 DEFINED (__DMA0Interrupt)?ABSOLUTE (__DMA0Interrupt):ABSOLUTE (__DefaultInterrupt)
                  0x00001e          0x4 LONG 0x3a0 DEFINED (__IC2Interrupt)?ABSOLUTE (__IC2Interrupt):ABSOLUTE (__DefaultInterrupt)
                  0x000020          0x4 LONG 0x3a0 DEFINED (__OC2Interrupt)?ABSOLUTE (__OC2Interrupt):ABSOLUTE (__DefaultInterrupt)
                  0x000022          0x4 LONG 0x3a0 DEFINED (__T2Interrupt)?ABSOLUTE (__T2Interrupt):ABSOLUTE (__DefaultInterrupt)
                  0x000024          0x4 LONG 0x10e18 DEFINED (__T3Interrupt)?ABSOLUTE (__T3Interrupt):ABSOLUTE (__DefaultInterrupt)
                  0x000026          0x4 LONG 0x3a0 DEFINED (__SPI1ErrInterrupt)?ABSOLUTE (__SPI1ErrInterrupt):ABSOLUTE (__DefaultInterrupt)
                  0x000028          0x4 LONG 0xe648 DEFINED (__SPI1Interrupt)?ABSOLUTE (__SPI1Interrupt):ABSOLUTE (__DefaultInterrupt)
                  0x00002a          0x4 LONG 0xfdaa DEFINED (__U1RXInterrupt)?ABSOLUTE (__U1RXInterrupt):ABSOLUTE (__DefaultInterrupt)
                  0x00002c          0x4 LONG 0xfd22 DEFINED (__U1TXInterrupt)?ABSOLUTE (__U1TXInterrupt):ABSOLUTE (__DefaultInterrupt)
                  0x00002e          0x4 LONG 0x3a0 DEFINED (__AD1Interrupt)?ABSOLUTE (__AD1Interrupt):ABSOLUTE (__DefaultInterrupt)
                  0x000030          0x4 LONG 0x3a0 DEFINED (__DMA1Interrupt)?ABSOLUTE (__DMA1Interrupt):ABSOLUTE (__DefaultInterrupt)
                  0x000032          0x4 LONG 0x3a0 DEFINED (__Interrupt15)?ABSOLUTE (__Interrupt15):ABSOLUTE (__DefaultInterrupt)
                  0x000034          0x4 LONG 0x3a0 DEFINED (__SI2C1Interrupt)?ABSOLUTE (__SI2C1Interrupt):ABSOLUTE (__DefaultInterrupt)
                  0x000036          0x4 LONG 0xe178 DEFINED (__MI2C1Interrupt)?ABSOLUTE (__MI2C1Interrupt):ABSOLUTE (__DefaultInterrupt)
                  0x000038          0x4 LONG 0x3a0 DEFINED (__CM1Interrupt)?ABSOLUTE (__CM1Interrupt):ABSOLUTE (__DefaultInterrupt)
                  0x00003a          0x4 LONG 0x3a0 DEFINED (__CNInterrupt)?ABSOLUTE (__CNInterrupt):ABSOLUTE (__DefaultInterrupt)
                  0x00003c          0x4 LONG 0x3a0 DEFINED (__INT1Interrupt)?ABSOLUTE (__INT1Interrupt):ABSOLUTE (__DefaultInterrupt)
                  0x00003e          0x4 LONG 0x3a0 DEFINED (__Interrupt21)?ABSOLUTE (__Interrupt21):ABSOLUTE (__DefaultInterrupt)
                  0x000040          0x4 LONG 0x3a0 DEFINED (__Interrupt22)?ABSOLUTE (__Interrupt22):ABSOLUTE (__DefaultInterrupt)
                  0x000042          0x4 LONG 0x3a0 DEFINED (__Interrupt23)?ABSOLUTE (__Interrupt23):ABSOLUTE (__DefaultInterrupt)
                  0x000044          0x4 LONG 0x3a0 DEFINED (__DMA2Interrupt)?ABSOLUTE (__DMA2Interrupt):ABSOLUTE (__DefaultInterrupt)
                  0x000046          0x4 LONG 0x3a0 DEFINED (__OC3Interrupt)?ABSOLUTE (__OC3Interrupt):ABSOLUTE (__DefaultInterrupt)
                  0x000048          0x4 LONG 0x3a0 DEFINED (__OC4Interrupt)?ABSOLUTE (__OC4Interrupt):ABSOLUTE (__DefaultInterrupt)
                  0x00004a          0x4 LONG 0x3a0 DEFINED (__T4Interrupt)?ABSOLUTE (__T4Interrupt):ABSOLUTE (__DefaultInterrupt)
                  0x00004c          0x4 LONG 0x3a0 DEFINED (__T5Interrupt)?ABSOLUTE (__T5Interrupt):ABSOLUTE (__DefaultInterrupt)
                  0x00004e          0x4 LONG 0xaddc DEFINED (__INT2Interrupt)?ABSOLUTE (__INT2Interrupt):ABSOLUTE (__DefaultInterrupt)
                  0x000050          0x4 LONG 0x3a0 DEFINED (__U2RXInterrupt)?ABSOLUTE (__U2RXInterrupt):ABSOLUTE (__DefaultInterrupt)
                  0x000052          0x4 LONG 0x3a0 DEFINED (__U2TXInterrupt)?ABSOLUTE (__U2TXInterrupt):ABSOLUTE (__DefaultInterrupt)
                  0x000054          0x4 LONG 0x3a0 DEFINED (__SPI2ErrInterrupt)?ABSOLUTE (__SPI2ErrInterrupt):ABSOLUTE (__DefaultInterrupt)
                  0x000056          0x4 LONG 0x3a0 DEFINED (__SPI2Interrupt)?ABSOLUTE (__SPI2Interrupt):ABSOLUTE (__DefaultInterrupt)
                  0x000058          0x4 LONG 0x3a0 DEFINED (__C1RxRdyInterrupt)?ABSOLUTE (__C1RxRdyInterrupt):ABSOLUTE (__DefaultInterrupt)
                  0x00005a          0x4 LONG 0xeb46 DEFINED (__C1Interrupt)?ABSOLUTE (__C1Interrupt):ABSOLUTE (__DefaultInterrupt)
                  0x00005c          0x4 LONG 0xad16 DEFINED (__DMA3Interrupt)?ABSOLUTE (__DMA3Interrupt):ABSOLUTE (__DefaultInterrupt)
                  0x00005e          0x4 LONG 0x3a0 DEFINED (__IC3Interrupt)?ABSOLUTE (__IC3Interrupt):ABSOLUTE (__DefaultInterrupt)
                  0x000060          0x4 LONG 0xe828 DEFINED (__IC4Interrupt)?ABSOLUTE (__IC4Interrupt):ABSOLUTE (__DefaultInterrupt)
                  0x000062          0x4 LONG 0x3a0 DEFINED (__Interrupt39)?ABSOLUTE (__Interrupt39):ABSOLUTE (__DefaultInterrupt)
                  0x000064          0x4 LONG 0x3a0 DEFINED (__Interrupt40)?ABSOLUTE (__Interrupt40):ABSOLUTE (__DefaultInterrupt)
                  0x000066          0x4 LONG 0x3a0 DEFINED (__Interrupt41)?ABSOLUTE (__Interrupt41):ABSOLUTE (__DefaultInterrupt)
                  0x000068          0x4 LONG 0x3a0 DEFINED (__Interrupt42)?ABSOLUTE (__Interrupt42):ABSOLUTE (__DefaultInterrupt)
                  0x00006a          0x4 LONG 0x3a0 DEFINED (__Interrupt43)?ABSOLUTE (__Interrupt43):ABSOLUTE (__DefaultInterrupt)
                  0x00006c          0x4 LONG 0x3a0 DEFINED (__Interrupt44)?ABSOLUTE (__Interrupt44):ABSOLUTE (__DefaultInterrupt)
                  0x00006e          0x4 LONG 0x3a0 DEFINED (__Interrupt45)?ABSOLUTE (__Interrupt45):ABSOLUTE (__DefaultInterrupt)
                  0x000070          0x4 LONG 0x3a0 DEFINED (__Interrupt46)?ABSOLUTE (__Interrupt46):ABSOLUTE (__DefaultInterrupt)
                  0x000072          0x4 LONG 0x3a0 DEFINED (__Interrupt47)?ABSOLUTE (__Interrupt47):ABSOLUTE (__DefaultInterrupt)
                  0x000074          0x4 LONG 0x3a0 DEFINED (__Interrupt48)?ABSOLUTE (__Interrupt48):ABSOLUTE (__DefaultInterrupt)
                  0x000076          0x4 LONG 0x3a0 DEFINED (__SI2C2Interrupt)?ABSOLUTE (__SI2C2Interrupt):ABSOLUTE (__DefaultInterrupt)
                  0x000078          0x4 LONG 0x3a0 DEFINED (__MI2C2Interrupt)?ABSOLUTE (__MI2C2Interrupt):ABSOLUTE (__DefaultInterrupt)
                  0x00007a          0x4 LONG 0x3a0 DEFINED (__Interrupt51)?ABSOLUTE (__Interrupt51):ABSOLUTE (__DefaultInterrupt)
                  0x00007c          0x4 LONG 0x3a0 DEFINED (__Interrupt52)?ABSOLUTE (__Interrupt52):ABSOLUTE (__DefaultInterrupt)
                  0x00007e          0x4 LONG 0x3a0 DEFINED (__Interrupt53)?ABSOLUTE (__Interrupt53):ABSOLUTE (__DefaultInterrupt)
                  0x000080          0x4 LONG 0x3a0 DEFINED (__Interrupt54)?ABSOLUTE (__Interrupt54):ABSOLUTE (__DefaultInterrupt)
                  0x000082          0x4 LONG 0x3a0 DEFINED (__Interrupt55)?ABSOLUTE (__Interrupt55):ABSOLUTE (__DefaultInterrupt)
                  0x000084          0x4 LONG 0x3a0 DEFINED (__Interrupt56)?ABSOLUTE (__Interrupt56):ABSOLUTE (__DefaultInterrupt)
                  0x000086          0x4 LONG 0x3a0 DEFINED (__PWMSpEventMatchInterrupt)?ABSOLUTE (__PWMSpEventMatchInterrupt):ABSOLUTE (__DefaultInterrupt)
                  0x000088          0x4 LONG 0x3a0 DEFINED (__QEI1Interrupt)?ABSOLUTE (__QEI1Interrupt):ABSOLUTE (__DefaultInterrupt)
                  0x00008a          0x4 LONG 0x3a0 DEFINED (__Interrupt59)?ABSOLUTE (__Interrupt59):ABSOLUTE (__DefaultInterrupt)
                  0x00008c          0x4 LONG 0x3a0 DEFINED (__Interrupt60)?ABSOLUTE (__Interrupt60):ABSOLUTE (__DefaultInterrupt)
                  0x00008e          0x4 LONG 0x3a0 DEFINED (__Interrupt61)?ABSOLUTE (__Interrupt61):ABSOLUTE (__DefaultInterrupt)
                  0x000090          0x4 LONG 0x3a0 DEFINED (__Interrupt62)?ABSOLUTE (__Interrupt62):ABSOLUTE (__DefaultInterrupt)
                  0x000092          0x4 LONG 0x3a0 DEFINED (__Interrupt63)?ABSOLUTE (__Interrupt63):ABSOLUTE (__DefaultInterrupt)
                  0x000094          0x4 LONG 0x3a0 DEFINED (__Interrupt64)?ABSOLUTE (__Interrupt64):ABSOLUTE (__DefaultInterrupt)
                  0x000096          0x4 LONG 0xfcfc DEFINED (__U1ErrInterrupt)?ABSOLUTE (__U1ErrInterrupt):ABSOLUTE (__DefaultInterrupt)
                  0x000098          0x4 LONG 0x3a0 DEFINED (__U2ErrInterrupt)?ABSOLUTE (__U2ErrInterrupt):ABSOLUTE (__DefaultInterrupt)
                  0x00009a          0x4 LONG 0x3a0 DEFINED (__CRCInterrupt)?ABSOLUTE (__CRCInterrupt):ABSOLUTE (__DefaultInterrupt)
                  0x00009c          0x4 LONG 0x3a0 DEFINED (__Interrupt68)?ABSOLUTE (__Interrupt68):ABSOLUTE (__DefaultInterrupt)
                  0x00009e          0x4 LONG 0x3a0 DEFINED (__Interrupt69)?ABSOLUTE (__Interrupt69):ABSOLUTE (__DefaultInterrupt)
                  0x0000a0          0x4 LONG 0x3a0 DEFINED (__C1TxReqInterrupt)?ABSOLUTE (__C1TxReqInterrupt):ABSOLUTE (__DefaultInterrupt)
                  0x0000a2          0x4 LONG 0x3a0 DEFINED (__Interrupt71)?ABSOLUTE (__Interrupt71):ABSOLUTE (__DefaultInterrupt)
                  0x0000a4          0x4 LONG 0x3a0 DEFINED (__Interrupt72)?ABSOLUTE (__Interrupt72):ABSOLUTE (__DefaultInterrupt)
                  0x0000a6          0x4 LONG 0x3a0 DEFINED (__Interrupt73)?ABSOLUTE (__Interrupt73):ABSOLUTE (__DefaultInterrupt)
                  0x0000a8          0x4 LONG 0x3a0 DEFINED (__Interrupt74)?ABSOLUTE (__Interrupt74):ABSOLUTE (__DefaultInterrupt)
                  0x0000aa          0x4 LONG 0x3a0 DEFINED (__Interrupt75)?ABSOLUTE (__Interrupt75):ABSOLUTE (__DefaultInterrupt)
                  0x0000ac          0x4 LONG 0x3a0 DEFINED (__Interrupt76)?ABSOLUTE (__Interrupt76):ABSOLUTE (__DefaultInterrupt)
                  0x0000ae          0x4 LONG 0x3a0 DEFINED (__CTMUInterrupt)?ABSOLUTE (__CTMUInterrupt):ABSOLUTE (__DefaultInterrupt)
                  0x0000b0          0x4 LONG 0x3a0 DEFINED (__Interrupt78)?ABSOLUTE (__Interrupt78):ABSOLUTE (__DefaultInterrupt)
                  0x0000b2          0x4 LONG 0x3a0 DEFINED (__Interrupt79)?ABSOLUTE (__Interrupt79):ABSOLUTE (__DefaultInterrupt)
                  0x0000b4          0x4 LONG 0x3a0 DEFINED (__Interrupt80)?ABSOLUTE (__Interrupt80):ABSOLUTE (__DefaultInterrupt)
                  0x0000b6          0x4 LONG 0x3a0 DEFINED (__Interrupt81)?ABSOLUTE (__Interrupt81):ABSOLUTE (__DefaultInterrupt)
                  0x0000b8          0x4 LONG 0x3a0 DEFINED (__Interrupt82)?ABSOLUTE (__Interrupt82):ABSOLUTE (__DefaultInterrupt)
                  0x0000ba          0x4 LONG 0x3a0 DEFINED (__Interrupt83)?ABSOLUTE (__Interrupt83):ABSOLUTE (__DefaultInterrupt)
                  0x0000bc          0x4 LONG 0x3a0 DEFINED (__Interrupt84)?ABSOLUTE (__Interrupt84):ABSOLUTE (__DefaultInterrupt)
                  0x0000be          0x4 LONG 0x3a0 DEFINED (__Interrupt85)?ABSOLUTE (__Interrupt85):ABSOLUTE (__DefaultInterrupt)
                  0x0000c0          0x4 LONG 0x3a0 DEFINED (__Interrupt86)?ABSOLUTE (__Interrupt86):ABSOLUTE (__DefaultInterrupt)
                  0x0000c2          0x4 LONG 0x3a0 DEFINED (__Interrupt87)?ABSOLUTE (__Interrupt87):ABSOLUTE (__DefaultInterrupt)
                  0x0000c4          0x4 LONG 0x3a0 DEFINED (__Interrupt88)?ABSOLUTE (__Interrupt88):ABSOLUTE (__DefaultInterrupt)
                  0x0000c6          0x4 LONG 0x3a0 DEFINED (__Interrupt89)?ABSOLUTE (__Interrupt89):ABSOLUTE (__DefaultInterrupt)
                  0x0000c8          0x4 LONG 0x3a0 DEFINED (__Interrupt90)?ABSOLUTE (__Interrupt90):ABSOLUTE (__DefaultInterrupt)
                  0x0000ca          0x4 LONG 0x3a0 DEFINED (__Interrupt91)?ABSOLUTE (__Interrupt91):ABSOLUTE (__DefaultInterrupt)
                  0x0000cc          0x4 LONG 0x3a0 DEFINED (__Interrupt92)?ABSOLUTE (__Interrupt92):ABSOLUTE (__DefaultInterrupt)
                  0x0000ce          0x4 LONG 0x3a0 DEFINED (__Interrupt93)?ABSOLUTE (__Interrupt93):ABSOLUTE (__DefaultInterrupt)
                  0x0000d0          0x4 LONG 0x3a0 DEFINED (__PWM1Interrupt)?ABSOLUTE (__PWM1Interrupt):ABSOLUTE (__DefaultInterrupt)
                  0x0000d2          0x4 LONG 0x3a0 DEFINED (__PWM2Interrupt)?ABSOLUTE (__PWM2Interrupt):ABSOLUTE (__DefaultInterrupt)
                  0x0000d4          0x4 LONG 0x3a0 DEFINED (__PWM3Interrupt)?ABSOLUTE (__PWM3Interrupt):ABSOLUTE (__DefaultInterrupt)
                  0x0000d6          0x4 LONG 0x3a0 DEFINED (__Interrupt97)?ABSOLUTE (__Interrupt97):ABSOLUTE (__DefaultInterrupt)
                  0x0000d8          0x4 LONG 0x3a0 DEFINED (__Interrupt98)?ABSOLUTE (__Interrupt98):ABSOLUTE (__DefaultInterrupt)
                  0x0000da          0x4 LONG 0x3a0 DEFINED (__Interrupt99)?ABSOLUTE (__Interrupt99):ABSOLUTE (__DefaultInterrupt)
                  0x0000dc          0x4 LONG 0x3a0 DEFINED (__Interrupt100)?ABSOLUTE (__Interrupt100):ABSOLUTE (__DefaultInterrupt)
                  0x0000de          0x4 LONG 0x3a0 DEFINED (__Interrupt101)?ABSOLUTE (__Interrupt101):ABSOLUTE (__DefaultInterrupt)
                  0x0000e0          0x4 LONG 0x3a0 DEFINED (__Interrupt102)?ABSOLUTE (__Interrupt102):ABSOLUTE (__DefaultInterrupt)
                  0x0000e2          0x4 LONG 0x3a0 DEFINED (__Interrupt103)?ABSOLUTE (__Interrupt103):ABSOLUTE (__DefaultInterrupt)
                  0x0000e4          0x4 LONG 0x3a0 DEFINED (__Interrupt104)?ABSOLUTE (__Interrupt104):ABSOLUTE (__DefaultInterrupt)
                  0x0000e6          0x4 LONG 0x3a0 DEFINED (__Interrupt105)?ABSOLUTE (__Interrupt105):ABSOLUTE (__DefaultInterrupt)
                  0x0000e8          0x4 LONG 0x3a0 DEFINED (__Interrupt106)?ABSOLUTE (__Interrupt106):ABSOLUTE (__DefaultInterrupt)
                  0x0000ea          0x4 LONG 0x3a0 DEFINED (__Interrupt107)?ABSOLUTE (__Interrupt107):ABSOLUTE (__DefaultInterrupt)
                  0x0000ec          0x4 LONG 0x3a0 DEFINED (__Interrupt108)?ABSOLUTE (__Interrupt108):ABSOLUTE (__DefaultInterrupt)
                  0x0000ee          0x4 LONG 0x3a0 DEFINED (__Interrupt109)?ABSOLUTE (__Interrupt109):ABSOLUTE (__DefaultInterrupt)
                  0x0000f0          0x4 LONG 0x3a0 DEFINED (__Interrupt110)?ABSOLUTE (__Interrupt110):ABSOLUTE (__DefaultInterrupt)
                  0x0000f2          0x4 LONG 0x3a0 DEFINED (__Interrupt111)?ABSOLUTE (__Interrupt111):ABSOLUTE (__DefaultInterrupt)
                  0x0000f4          0x4 LONG 0x3a0 DEFINED (__Interrupt112)?ABSOLUTE (__Interrupt112):ABSOLUTE (__DefaultInterrupt)
                  0x0000f6          0x4 LONG 0x3a0 DEFINED (__Interrupt113)?ABSOLUTE (__Interrupt113):ABSOLUTE (__DefaultInterrupt)
                  0x0000f8          0x4 LONG 0x3a0 DEFINED (__Interrupt114)?ABSOLUTE (__Interrupt114):ABSOLUTE (__DefaultInterrupt)
                  0x0000fa          0x4 LONG 0x3a0 DEFINED (__Interrupt115)?ABSOLUTE (__Interrupt115):ABSOLUTE (__DefaultInterrupt)
                  0x0000fc          0x4 LONG 0x3a0 DEFINED (__Interrupt116)?ABSOLUTE (__Interrupt116):ABSOLUTE (__DefaultInterrupt)
                  0x0000fe          0x4 LONG 0x3a0 DEFINED (__Interrupt117)?ABSOLUTE (__Interrupt117):ABSOLUTE (__DefaultInterrupt)
                  0x000100          0x4 LONG 0x3a0 DEFINED (__Interrupt118)?ABSOLUTE (__Interrupt118):ABSOLUTE (__DefaultInterrupt)
                  0x000102          0x4 LONG 0x3a0 DEFINED (__Interrupt119)?ABSOLUTE (__Interrupt119):ABSOLUTE (__DefaultInterrupt)
                  0x000104          0x4 LONG 0x3a0 DEFINED (__Interrupt120)?ABSOLUTE (__Interrupt120):ABSOLUTE (__DefaultInterrupt)
                  0x000106          0x4 LONG 0x3a0 DEFINED (__Interrupt121)?ABSOLUTE (__Interrupt121):ABSOLUTE (__DefaultInterrupt)
                  0x000108          0x4 LONG 0x3a0 DEFINED (__Interrupt122)?ABSOLUTE (__Interrupt122):ABSOLUTE (__DefaultInterrupt)
                  0x00010a          0x4 LONG 0x3a0 DEFINED (__Interrupt123)?ABSOLUTE (__Interrupt123):ABSOLUTE (__DefaultInterrupt)
                  0x00010c          0x4 LONG 0x3a0 DEFINED (__Interrupt124)?ABSOLUTE (__Interrupt124):ABSOLUTE (__DefaultInterrupt)
                  0x00010e          0x4 LONG 0x3a0 DEFINED (__Interrupt125)?ABSOLUTE (__Interrupt125):ABSOLUTE (__DefaultInterrupt)
                  0x000110          0x4 LONG 0x3a0 DEFINED (__Interrupt126)?ABSOLUTE (__Interrupt126):ABSOLUTE (__DefaultInterrupt)
                  0x000112          0x4 LONG 0x3a0 DEFINED (__Interrupt127)?ABSOLUTE (__Interrupt127):ABSOLUTE (__DefaultInterrupt)
                  0x000114          0x4 LONG 0x3a0 DEFINED (__Interrupt128)?ABSOLUTE (__Interrupt128):ABSOLUTE (__DefaultInterrupt)
                  0x000116          0x4 LONG 0x3a0 DEFINED (__Interrupt129)?ABSOLUTE (__Interrupt129):ABSOLUTE (__DefaultInterrupt)
                  0x000118          0x4 LONG 0x3a0 DEFINED (__Interrupt130)?ABSOLUTE (__Interrupt130):ABSOLUTE (__DefaultInterrupt)
                  0x00011a          0x4 LONG 0x3a0 DEFINED (__Interrupt131)?ABSOLUTE (__Interrupt131):ABSOLUTE (__DefaultInterrupt)
                  0x00011c          0x4 LONG 0x3a0 DEFINED (__Interrupt132)?ABSOLUTE (__Interrupt132):ABSOLUTE (__DefaultInterrupt)
                  0x00011e          0x4 LONG 0x3a0 DEFINED (__Interrupt133)?ABSOLUTE (__Interrupt133):ABSOLUTE (__DefaultInterrupt)
                  0x000120          0x4 LONG 0x3a0 DEFINED (__Interrupt134)?ABSOLUTE (__Interrupt134):ABSOLUTE (__DefaultInterrupt)
                  0x000122          0x4 LONG 0x3a0 DEFINED (__Interrupt135)?ABSOLUTE (__Interrupt135):ABSOLUTE (__DefaultInterrupt)
                  0x000124          0x4 LONG 0x3a0 DEFINED (__Interrupt136)?ABSOLUTE (__Interrupt136):ABSOLUTE (__DefaultInterrupt)
                  0x000126          0x4 LONG 0x3a0 DEFINED (__Interrupt137)?ABSOLUTE (__Interrupt137):ABSOLUTE (__DefaultInterrupt)
                  0x000128          0x4 LONG 0x3a0 DEFINED (__Interrupt138)?ABSOLUTE (__Interrupt138):ABSOLUTE (__DefaultInterrupt)
                  0x00012a          0x4 LONG 0x3a0 DEFINED (__Interrupt139)?ABSOLUTE (__Interrupt139):ABSOLUTE (__DefaultInterrupt)
                  0x00012c          0x4 LONG 0x3a0 DEFINED (__Interrupt140)?ABSOLUTE (__Interrupt140):ABSOLUTE (__DefaultInterrupt)
                  0x00012e          0x4 LONG 0x3a0 DEFINED (__Interrupt141)?ABSOLUTE (__Interrupt141):ABSOLUTE (__DefaultInterrupt)
                  0x000130          0x4 LONG 0x3a0 DEFINED (__ICDInterrupt)?ABSOLUTE (__ICDInterrupt):ABSOLUTE (__DefaultInterrupt)
                  0x000132          0x4 LONG 0x3a0 DEFINED (__JTAGInterrupt)?ABSOLUTE (__JTAGInterrupt):ABSOLUTE (__DefaultInterrupt)
                  0x000134          0x4 LONG 0x3a0 DEFINED (__Interrupt144)?ABSOLUTE (__Interrupt144):ABSOLUTE (__DefaultInterrupt)
                  0x000136          0x4 LONG 0x3a0 DEFINED (__PTGSTEPInterrupt)?ABSOLUTE (__PTGSTEPInterrupt):ABSOLUTE (__DefaultInterrupt)
                  0x000138          0x4 LONG 0x3a0 DEFINED (__PTGWDTInterrupt)?ABSOLUTE (__PTGWDTInterrupt):ABSOLUTE (__DefaultInterrupt)
                  0x00013a          0x4 LONG 0x3a0 DEFINED (__PTG0Interrupt)?ABSOLUTE (__PTG0Interrupt):ABSOLUTE (__DefaultInterrupt)
                  0x00013c          0x4 LONG 0x3a0 DEFINED (__PTG1Interrupt)?ABSOLUTE (__PTG1Interrupt):ABSOLUTE (__DefaultInterrupt)
                  0x00013e          0x4 LONG 0x3a0 DEFINED (__PTG2Interrupt)?ABSOLUTE (__PTG2Interrupt):ABSOLUTE (__DefaultInterrupt)
                  0x000140          0x4 LONG 0x3a0 DEFINED (__PTG3Interrupt)?ABSOLUTE (__PTG3Interrupt):ABSOLUTE (__DefaultInterrupt)
                    0x0000                  WREG0 = 0x0
                    0x0000                  _WREG0 = 0x0
                    0x0002                  WREG1 = 0x2
                    0x0002                  _WREG1 = 0x2
                    0x0004                  WREG2 = 0x4
                    0x0004                  _WREG2 = 0x4
                    0x0006                  WREG3 = 0x6
                    0x0006                  _WREG3 = 0x6
                    0x0008                  WREG4 = 0x8
                    0x0008                  _WREG4 = 0x8
                    0x000a                  WREG5 = 0xa
                    0x000a                  _WREG5 = 0xa
                    0x000c                  WREG6 = 0xc
                    0x000c                  _WREG6 = 0xc
                    0x000e                  WREG7 = 0xe
                    0x000e                  _WREG7 = 0xe
                    0x0010                  WREG8 = 0x10
                    0x0010                  _WREG8 = 0x10
                    0x0012                  WREG9 = 0x12
                    0x0012                  _WREG9 = 0x12
                    0x0014                  WREG10 = 0x14
                    0x0014                  _WREG10 = 0x14
                    0x0016                  WREG11 = 0x16
                    0x0016                  _WREG11 = 0x16
                    0x0018                  WREG12 = 0x18
                    0x0018                  _WREG12 = 0x18
                    0x001a                  WREG13 = 0x1a
                    0x001a                  _WREG13 = 0x1a
                    0x001c                  WREG14 = 0x1c
                    0x001c                  _WREG14 = 0x1c
                    0x001e                  WREG15 = 0x1e
                    0x001e                  _WREG15 = 0x1e
                    0x0020                  SPLIM = 0x20
                    0x0020                  _SPLIM = 0x20
                    0x0022                  ACCAL = 0x22
                    0x0022                  _ACCAL = 0x22
                    0x0024                  ACCAH = 0x24
                    0x0024                  _ACCAH = 0x24
                    0x0026                  ACCAU = 0x26
                    0x0026                  _ACCAU = 0x26
                    0x0028                  ACCBL = 0x28
                    0x0028                  _ACCBL = 0x28
                    0x002a                  ACCBH = 0x2a
                    0x002a                  _ACCBH = 0x2a
                    0x002c                  ACCBU = 0x2c
                    0x002c                  _ACCBU = 0x2c
                    0x002e                  PCL = 0x2e
                    0x002e                  _PCL = 0x2e
                    0x0030                  PCH = 0x30
                    0x0030                  _PCH = 0x30
                    0x0032                  DSRPAG = 0x32
                    0x0032                  _DSRPAG = 0x32
                    0x0032                  _DSRPAGbits = 0x32
                    0x0034                  DSWPAG = 0x34
                    0x0034                  _DSWPAG = 0x34
                    0x0034                  _DSWPAGbits = 0x34
                    0x0036                  RCOUNT = 0x36
                    0x0036                  _RCOUNT = 0x36
                    0x0038                  DCOUNT = 0x38
                    0x0038                  _DCOUNT = 0x38
                    0x003a                  DOSTARTL = 0x3a
                    0x003a                  _DOSTARTL = 0x3a
                    0x003c                  DOSTARTH = 0x3c
                    0x003c                  _DOSTARTH = 0x3c
                    0x003e                  DOENDL = 0x3e
                    0x003e                  _DOENDL = 0x3e
                    0x0040                  DOENDH = 0x40
                    0x0040                  _DOENDH = 0x40
                    0x0042                  SR = 0x42
                    0x0042                  _SR = 0x42
                    0x0042                  _SRbits = 0x42
                    0x0044                  CORCON = 0x44
                    0x0044                  _CORCON = 0x44
                    0x0044                  _CORCONbits = 0x44
                    0x0046                  MODCON = 0x46
                    0x0046                  _MODCON = 0x46
                    0x0046                  _MODCONbits = 0x46
                    0x0048                  XMODSRT = 0x48
                    0x0048                  _XMODSRT = 0x48
                    0x004a                  XMODEND = 0x4a
                    0x004a                  _XMODEND = 0x4a
                    0x004c                  YMODSRT = 0x4c
                    0x004c                  _YMODSRT = 0x4c
                    0x004e                  YMODEND = 0x4e
                    0x004e                  _YMODEND = 0x4e
                    0x0050                  XBREV = 0x50
                    0x0050                  _XBREV = 0x50
                    0x0050                  _XBREVbits = 0x50
                    0x0052                  DISICNT = 0x52
                    0x0052                  _DISICNT = 0x52
                    0x0054                  TBLPAG = 0x54
                    0x0054                  _TBLPAG = 0x54
                    0x0054                  _TBLPAGbits = 0x54
                    0x0058                  MSTRPR = 0x58
                    0x0058                  _MSTRPR = 0x58
                    0x0100                  TMR1 = 0x100
                    0x0100                  _TMR1 = 0x100
                    0x0102                  PR1 = 0x102
                    0x0102                  _PR1 = 0x102
                    0x0104                  T1CON = 0x104
                    0x0104                  _T1CON = 0x104
                    0x0104                  _T1CONbits = 0x104
                    0x0106                  TMR2 = 0x106
                    0x0106                  _TMR2 = 0x106
                    0x0108                  TMR3HLD = 0x108
                    0x0108                  _TMR3HLD = 0x108
                    0x010a                  TMR3 = 0x10a
                    0x010a                  _TMR3 = 0x10a
                    0x010c                  PR2 = 0x10c
                    0x010c                  _PR2 = 0x10c
                    0x010e                  PR3 = 0x10e
                    0x010e                  _PR3 = 0x10e
                    0x0110                  T2CON = 0x110
                    0x0110                  _T2CON = 0x110
                    0x0110                  _T2CONbits = 0x110
                    0x0112                  T3CON = 0x112
                    0x0112                  _T3CON = 0x112
                    0x0112                  _T3CONbits = 0x112
                    0x0114                  TMR4 = 0x114
                    0x0114                  _TMR4 = 0x114
                    0x0116                  TMR5HLD = 0x116
                    0x0116                  _TMR5HLD = 0x116
                    0x0118                  TMR5 = 0x118
                    0x0118                  _TMR5 = 0x118
                    0x011a                  PR4 = 0x11a
                    0x011a                  _PR4 = 0x11a
                    0x011c                  PR5 = 0x11c
                    0x011c                  _PR5 = 0x11c
                    0x011e                  T4CON = 0x11e
                    0x011e                  _T4CON = 0x11e
                    0x011e                  _T4CONbits = 0x11e
                    0x0120                  T5CON = 0x120
                    0x0120                  _T5CON = 0x120
                    0x0120                  _T5CONbits = 0x120
                    0x0140                  IC1CON1 = 0x140
                    0x0140                  _IC1CON1 = 0x140
                    0x0140                  _IC1CON1bits = 0x140
                    0x0142                  IC1CON2 = 0x142
                    0x0142                  _IC1CON2 = 0x142
                    0x0142                  _IC1CON2bits = 0x142
                    0x0144                  IC1BUF = 0x144
                    0x0144                  _IC1BUF = 0x144
                    0x0146                  IC1TMR = 0x146
                    0x0146                  _IC1TMR = 0x146
                    0x0148                  IC2CON1 = 0x148
                    0x0148                  _IC2CON1 = 0x148
                    0x0148                  _IC2CON1bits = 0x148
                    0x014a                  IC2CON2 = 0x14a
                    0x014a                  _IC2CON2 = 0x14a
                    0x014a                  _IC2CON2bits = 0x14a
                    0x014c                  IC2BUF = 0x14c
                    0x014c                  _IC2BUF = 0x14c
                    0x014e                  IC2TMR = 0x14e
                    0x014e                  _IC2TMR = 0x14e
                    0x0150                  IC3CON1 = 0x150
                    0x0150                  _IC3CON1 = 0x150
                    0x0150                  _IC3CON1bits = 0x150
                    0x0152                  IC3CON2 = 0x152
                    0x0152                  _IC3CON2 = 0x152
                    0x0152                  _IC3CON2bits = 0x152
                    0x0154                  IC3BUF = 0x154
                    0x0154                  _IC3BUF = 0x154
                    0x0156                  IC3TMR = 0x156
                    0x0156                  _IC3TMR = 0x156
                    0x0158                  IC4CON1 = 0x158
                    0x0158                  _IC4CON1 = 0x158
                    0x0158                  _IC4CON1bits = 0x158
                    0x015a                  IC4CON2 = 0x15a
                    0x015a                  _IC4CON2 = 0x15a
                    0x015a                  _IC4CON2bits = 0x15a
                    0x015c                  IC4BUF = 0x15c
                    0x015c                  _IC4BUF = 0x15c
                    0x015e                  IC4TMR = 0x15e
                    0x015e                  _IC4TMR = 0x15e
                    0x01c0                  QEI1CON = 0x1c0
                    0x01c0                  _QEI1CON = 0x1c0
                    0x01c0                  _QEI1CONbits = 0x1c0
                    0x01c2                  QEI1IOC = 0x1c2
                    0x01c2                  _QEI1IOC = 0x1c2
                    0x01c2                  _QEI1IOCbits = 0x1c2
                    0x01c4                  QEI1STAT = 0x1c4
                    0x01c4                  _QEI1STAT = 0x1c4
                    0x01c4                  _QEI1STATbits = 0x1c4
                    0x01c6                  POS1CNTL = 0x1c6
                    0x01c6                  _POS1CNTL = 0x1c6
                    0x01c8                  POS1CNTH = 0x1c8
                    0x01c8                  _POS1CNTH = 0x1c8
                    0x01ca                  POS1HLD = 0x1ca
                    0x01ca                  _POS1HLD = 0x1ca
                    0x01cc                  VEL1CNT = 0x1cc
                    0x01cc                  _VEL1CNT = 0x1cc
                    0x01ce                  INT1TMRL = 0x1ce
                    0x01ce                  _INT1TMRL = 0x1ce
                    0x01d0                  INT1TMRH = 0x1d0
                    0x01d0                  _INT1TMRH = 0x1d0
                    0x01d2                  INT1HLDL = 0x1d2
                    0x01d2                  _INT1HLDL = 0x1d2
                    0x01d4                  INT1HLDH = 0x1d4
                    0x01d4                  _INT1HLDH = 0x1d4
                    0x01d6                  INDX1CNTL = 0x1d6
                    0x01d6                  _INDX1CNTL = 0x1d6
                    0x01d8                  INDX1CNTH = 0x1d8
                    0x01d8                  _INDX1CNTH = 0x1d8
                    0x01da                  INDX1HLD = 0x1da
                    0x01da                  _INDX1HLD = 0x1da
                    0x01dc                  QEI1GECL = 0x1dc
                    0x01dc                  _QEI1GECL = 0x1dc
                    0x01dc                  QEI1ICL = 0x1dc
                    0x01dc                  _QEI1ICL = 0x1dc
                    0x01de                  QEI1GECH = 0x1de
                    0x01de                  _QEI1GECH = 0x1de
                    0x01de                  QEI1ICH = 0x1de
                    0x01de                  _QEI1ICH = 0x1de
                    0x01e0                  QEI1LECL = 0x1e0
                    0x01e0                  _QEI1LECL = 0x1e0
                    0x01e2                  QEI1LECH = 0x1e2
                    0x01e2                  _QEI1LECH = 0x1e2
                    0x0200                  I2C1RCV = 0x200
                    0x0200                  _I2C1RCV = 0x200
                    0x0202                  I2C1TRN = 0x202
                    0x0202                  _I2C1TRN = 0x202
                    0x0204                  I2C1BRG = 0x204
                    0x0204                  _I2C1BRG = 0x204
                    0x0206                  I2C1CON = 0x206
                    0x0206                  _I2C1CON = 0x206
                    0x0206                  _I2C1CONbits = 0x206
                    0x0208                  I2C1STAT = 0x208
                    0x0208                  _I2C1STAT = 0x208
                    0x0208                  _I2C1STATbits = 0x208
                    0x020a                  I2C1ADD = 0x20a
                    0x020a                  _I2C1ADD = 0x20a
                    0x020c                  I2C1MSK = 0x20c
                    0x020c                  _I2C1MSK = 0x20c
                    0x0210                  I2C2RCV = 0x210
                    0x0210                  _I2C2RCV = 0x210
                    0x0212                  I2C2TRN = 0x212
                    0x0212                  _I2C2TRN = 0x212
                    0x0214                  I2C2BRG = 0x214
                    0x0214                  _I2C2BRG = 0x214
                    0x0216                  I2C2CON = 0x216
                    0x0216                  _I2C2CON = 0x216
                    0x0216                  _I2C2CONbits = 0x216
                    0x0218                  I2C2STAT = 0x218
                    0x0218                  _I2C2STAT = 0x218
                    0x0218                  _I2C2STATbits = 0x218
                    0x021a                  I2C2ADD = 0x21a
                    0x021a                  _I2C2ADD = 0x21a
                    0x021c                  I2C2MSK = 0x21c
                    0x021c                  _I2C2MSK = 0x21c
                    0x0220                  U1MODE = 0x220
                    0x0220                  _U1MODE = 0x220
                    0x0220                  _U1MODEbits = 0x220
                    0x0222                  U1STA = 0x222
                    0x0222                  _U1STA = 0x222
                    0x0222                  _U1STAbits = 0x222
                    0x0224                  U1TXREG = 0x224
                    0x0224                  _U1TXREG = 0x224
                    0x0226                  U1RXREG = 0x226
                    0x0226                  _U1RXREG = 0x226
                    0x0228                  U1BRG = 0x228
                    0x0228                  _U1BRG = 0x228
                    0x0230                  U2MODE = 0x230
                    0x0230                  _U2MODE = 0x230
                    0x0230                  _U2MODEbits = 0x230
                    0x0232                  U2STA = 0x232
                    0x0232                  _U2STA = 0x232
                    0x0232                  _U2STAbits = 0x232
                    0x0234                  U2TXREG = 0x234
                    0x0234                  _U2TXREG = 0x234
                    0x0236                  U2RXREG = 0x236
                    0x0236                  _U2RXREG = 0x236
                    0x0238                  U2BRG = 0x238
                    0x0238                  _U2BRG = 0x238
                    0x0240                  SPI1STAT = 0x240
                    0x0240                  _SPI1STAT = 0x240
                    0x0240                  _SPI1STATbits = 0x240
                    0x0242                  SPI1CON1 = 0x242
                    0x0242                  _SPI1CON1 = 0x242
                    0x0242                  _SPI1CON1bits = 0x242
                    0x0244                  SPI1CON2 = 0x244
                    0x0244                  _SPI1CON2 = 0x244
                    0x0244                  _SPI1CON2bits = 0x244
                    0x0248                  SPI1BUF = 0x248
                    0x0248                  _SPI1BUF = 0x248
                    0x0260                  SPI2STAT = 0x260
                    0x0260                  _SPI2STAT = 0x260
                    0x0260                  _SPI2STATbits = 0x260
                    0x0262                  SPI2CON1 = 0x262
                    0x0262                  _SPI2CON1 = 0x262
                    0x0262                  _SPI2CON1bits = 0x262
                    0x0264                  SPI2CON2 = 0x264
                    0x0264                  _SPI2CON2 = 0x264
                    0x0264                  _SPI2CON2bits = 0x264
                    0x0268                  SPI2BUF = 0x268
                    0x0268                  _SPI2BUF = 0x268
                    0x0300                  ADC1BUF0 = 0x300
                    0x0300                  _ADC1BUF0 = 0x300
                    0x0302                  ADC1BUF1 = 0x302
                    0x0302                  _ADC1BUF1 = 0x302
                    0x0304                  ADC1BUF2 = 0x304
                    0x0304                  _ADC1BUF2 = 0x304
                    0x0306                  ADC1BUF3 = 0x306
                    0x0306                  _ADC1BUF3 = 0x306
                    0x0308                  ADC1BUF4 = 0x308
                    0x0308                  _ADC1BUF4 = 0x308
                    0x030a                  ADC1BUF5 = 0x30a
                    0x030a                  _ADC1BUF5 = 0x30a
                    0x030c                  ADC1BUF6 = 0x30c
                    0x030c                  _ADC1BUF6 = 0x30c
                    0x030e                  ADC1BUF7 = 0x30e
                    0x030e                  _ADC1BUF7 = 0x30e
                    0x0310                  ADC1BUF8 = 0x310
                    0x0310                  _ADC1BUF8 = 0x310
                    0x0312                  ADC1BUF9 = 0x312
                    0x0312                  _ADC1BUF9 = 0x312
                    0x0314                  ADC1BUFA = 0x314
                    0x0314                  _ADC1BUFA = 0x314
                    0x0316                  ADC1BUFB = 0x316
                    0x0316                  _ADC1BUFB = 0x316
                    0x0318                  ADC1BUFC = 0x318
                    0x0318                  _ADC1BUFC = 0x318
                    0x031a                  ADC1BUFD = 0x31a
                    0x031a                  _ADC1BUFD = 0x31a
                    0x031c                  ADC1BUFE = 0x31c
                    0x031c                  _ADC1BUFE = 0x31c
                    0x031e                  ADC1BUFF = 0x31e
                    0x031e                  _ADC1BUFF = 0x31e
                    0x0320                  AD1CON1 = 0x320
                    0x0320                  _AD1CON1 = 0x320
                    0x0320                  _AD1CON1bits = 0x320
                    0x0322                  AD1CON2 = 0x322
                    0x0322                  _AD1CON2 = 0x322
                    0x0322                  _AD1CON2bits = 0x322
                    0x0324                  AD1CON3 = 0x324
                    0x0324                  _AD1CON3 = 0x324
                    0x0324                  _AD1CON3bits = 0x324
                    0x0326                  AD1CHS123 = 0x326
                    0x0326                  _AD1CHS123 = 0x326
                    0x0326                  _AD1CHS123bits = 0x326
                    0x0328                  AD1CHS0 = 0x328
                    0x0328                  _AD1CHS0 = 0x328
                    0x0328                  _AD1CHS0bits = 0x328
                    0x032e                  AD1CSSH = 0x32e
                    0x032e                  _AD1CSSH = 0x32e
                    0x032e                  _AD1CSSHbits = 0x32e
                    0x0330                  AD1CSSL = 0x330
                    0x0330                  _AD1CSSL = 0x330
                    0x0330                  _AD1CSSLbits = 0x330
                    0x0332                  AD1CON4 = 0x332
                    0x0332                  _AD1CON4 = 0x332
                    0x0332                  _AD1CON4bits = 0x332
                    0x033a                  CTMUCON1 = 0x33a
                    0x033a                  _CTMUCON1 = 0x33a
                    0x033a                  _CTMUCON1bits = 0x33a
                    0x033c                  CTMUCON2 = 0x33c
                    0x033c                  _CTMUCON2 = 0x33c
                    0x033c                  _CTMUCON2bits = 0x33c
                    0x033e                  CTMUICON = 0x33e
                    0x033e                  _CTMUICON = 0x33e
                    0x033e                  _CTMUICONbits = 0x33e
                    0x0400                  C1CTRL1 = 0x400
                    0x0400                  _C1CTRL1 = 0x400
                    0x0400                  _C1CTRL1bits = 0x400
                    0x0402                  C1CTRL2 = 0x402
                    0x0402                  _C1CTRL2 = 0x402
                    0x0402                  _C1CTRL2bits = 0x402
                    0x0404                  C1VEC = 0x404
                    0x0404                  _C1VEC = 0x404
                    0x0404                  _C1VECbits = 0x404
                    0x0406                  C1FCTRL = 0x406
                    0x0406                  _C1FCTRL = 0x406
                    0x0406                  _C1FCTRLbits = 0x406
                    0x0408                  C1FIFO = 0x408
                    0x0408                  _C1FIFO = 0x408
                    0x0408                  _C1FIFObits = 0x408
                    0x040a                  C1INTF = 0x40a
                    0x040a                  _C1INTF = 0x40a
                    0x040a                  _C1INTFbits = 0x40a
                    0x040c                  C1INTE = 0x40c
                    0x040c                  _C1INTE = 0x40c
                    0x040c                  _C1INTEbits = 0x40c
                    0x040e                  C1EC = 0x40e
                    0x040e                  _C1EC = 0x40e
                    0x040e                  _C1ECbits = 0x40e
                    0x040e                  C1RERRCNT = 0x40e
                    0x040e                  _C1RERRCNT = 0x40e
                    0x040f                  C1TERRCNT = 0x40f
                    0x040f                  _C1TERRCNT = 0x40f
                    0x0410                  C1CFG1 = 0x410
                    0x0410                  _C1CFG1 = 0x410
                    0x0410                  _C1CFG1bits = 0x410
                    0x0412                  C1CFG2 = 0x412
                    0x0412                  _C1CFG2 = 0x412
                    0x0412                  _C1CFG2bits = 0x412
                    0x0414                  C1FEN1 = 0x414
                    0x0414                  _C1FEN1 = 0x414
                    0x0414                  _C1FEN1bits = 0x414
                    0x0418                  C1FMSKSEL1 = 0x418
                    0x0418                  _C1FMSKSEL1 = 0x418
                    0x0418                  _C1FMSKSEL1bits = 0x418
                    0x041a                  C1FMSKSEL2 = 0x41a
                    0x041a                  _C1FMSKSEL2 = 0x41a
                    0x041a                  _C1FMSKSEL2bits = 0x41a
                    0x0420                  C1BUFPNT1 = 0x420
                    0x0420                  _C1BUFPNT1 = 0x420
                    0x0420                  _C1BUFPNT1bits = 0x420
                    0x0420                  C1RXFUL1 = 0x420
                    0x0420                  _C1RXFUL1 = 0x420
                    0x0420                  _C1RXFUL1bits = 0x420
                    0x0422                  C1BUFPNT2 = 0x422
                    0x0422                  _C1BUFPNT2 = 0x422
                    0x0422                  _C1BUFPNT2bits = 0x422
                    0x0422                  C1RXFUL2 = 0x422
                    0x0422                  _C1RXFUL2 = 0x422
                    0x0422                  _C1RXFUL2bits = 0x422
                    0x0424                  C1BUFPNT3 = 0x424
                    0x0424                  _C1BUFPNT3 = 0x424
                    0x0424                  _C1BUFPNT3bits = 0x424
                    0x0426                  C1BUFPNT4 = 0x426
                    0x0426                  _C1BUFPNT4 = 0x426
                    0x0426                  _C1BUFPNT4bits = 0x426
                    0x0428                  C1RXOVF1 = 0x428
                    0x0428                  _C1RXOVF1 = 0x428
                    0x0428                  _C1RXOVF1bits = 0x428
                    0x042a                  C1RXOVF2 = 0x42a
                    0x042a                  _C1RXOVF2 = 0x42a
                    0x042a                  _C1RXOVF2bits = 0x42a
                    0x0430                  C1RXM0SID = 0x430
                    0x0430                  _C1RXM0SID = 0x430
                    0x0430                  _C1RXM0SIDbits = 0x430
                    0x0430                  C1TR01CON = 0x430
                    0x0430                  _C1TR01CON = 0x430
                    0x0430                  _C1TR01CONbits = 0x430
                    0x0432                  C1RXM0EID = 0x432
                    0x0432                  _C1RXM0EID = 0x432
                    0x0432                  _C1RXM0EIDbits = 0x432
                    0x0432                  C1TR23CON = 0x432
                    0x0432                  _C1TR23CON = 0x432
                    0x0432                  _C1TR23CONbits = 0x432
                    0x0434                  C1RXM1SID = 0x434
                    0x0434                  _C1RXM1SID = 0x434
                    0x0434                  _C1RXM1SIDbits = 0x434
                    0x0434                  C1TR45CON = 0x434
                    0x0434                  _C1TR45CON = 0x434
                    0x0434                  _C1TR45CONbits = 0x434
                    0x0436                  C1RXM1EID = 0x436
                    0x0436                  _C1RXM1EID = 0x436
                    0x0436                  _C1RXM1EIDbits = 0x436
                    0x0436                  C1TR67CON = 0x436
                    0x0436                  _C1TR67CON = 0x436
                    0x0436                  _C1TR67CONbits = 0x436
                    0x0438                  C1RXM2SID = 0x438
                    0x0438                  _C1RXM2SID = 0x438
                    0x0438                  _C1RXM2SIDbits = 0x438
                    0x043a                  C1RXM2EID = 0x43a
                    0x043a                  _C1RXM2EID = 0x43a
                    0x043a                  _C1RXM2EIDbits = 0x43a
                    0x0440                  C1RXD = 0x440
                    0x0440                  _C1RXD = 0x440
                    0x0440                  C1RXF0SID = 0x440
                    0x0440                  _C1RXF0SID = 0x440
                    0x0440                  _C1RXF0SIDbits = 0x440
                    0x0442                  C1RXF0EID = 0x442
                    0x0442                  _C1RXF0EID = 0x442
                    0x0442                  _C1RXF0EIDbits = 0x442
                    0x0442                  C1TXD = 0x442
                    0x0442                  _C1TXD = 0x442
                    0x0442                  _C1TXDbits = 0x442
                    0x0444                  C1RXF1SID = 0x444
                    0x0444                  _C1RXF1SID = 0x444
                    0x0444                  _C1RXF1SIDbits = 0x444
                    0x0446                  C1RXF1EID = 0x446
                    0x0446                  _C1RXF1EID = 0x446
                    0x0446                  _C1RXF1EIDbits = 0x446
                    0x0448                  C1RXF2SID = 0x448
                    0x0448                  _C1RXF2SID = 0x448
                    0x0448                  _C1RXF2SIDbits = 0x448
                    0x044a                  C1RXF2EID = 0x44a
                    0x044a                  _C1RXF2EID = 0x44a
                    0x044a                  _C1RXF2EIDbits = 0x44a
                    0x044c                  C1RXF3SID = 0x44c
                    0x044c                  _C1RXF3SID = 0x44c
                    0x044c                  _C1RXF3SIDbits = 0x44c
                    0x044e                  C1RXF3EID = 0x44e
                    0x044e                  _C1RXF3EID = 0x44e
                    0x044e                  _C1RXF3EIDbits = 0x44e
                    0x0450                  C1RXF4SID = 0x450
                    0x0450                  _C1RXF4SID = 0x450
                    0x0450                  _C1RXF4SIDbits = 0x450
                    0x0452                  C1RXF4EID = 0x452
                    0x0452                  _C1RXF4EID = 0x452
                    0x0452                  _C1RXF4EIDbits = 0x452
                    0x0454                  C1RXF5SID = 0x454
                    0x0454                  _C1RXF5SID = 0x454
                    0x0454                  _C1RXF5SIDbits = 0x454
                    0x0456                  C1RXF5EID = 0x456
                    0x0456                  _C1RXF5EID = 0x456
                    0x0456                  _C1RXF5EIDbits = 0x456
                    0x0458                  C1RXF6SID = 0x458
                    0x0458                  _C1RXF6SID = 0x458
                    0x0458                  _C1RXF6SIDbits = 0x458
                    0x045a                  C1RXF6EID = 0x45a
                    0x045a                  _C1RXF6EID = 0x45a
                    0x045a                  _C1RXF6EIDbits = 0x45a
                    0x045c                  C1RXF7SID = 0x45c
                    0x045c                  _C1RXF7SID = 0x45c
                    0x045c                  _C1RXF7SIDbits = 0x45c
                    0x045e                  C1RXF7EID = 0x45e
                    0x045e                  _C1RXF7EID = 0x45e
                    0x045e                  _C1RXF7EIDbits = 0x45e
                    0x0460                  C1RXF8SID = 0x460
                    0x0460                  _C1RXF8SID = 0x460
                    0x0460                  _C1RXF8SIDbits = 0x460
                    0x0462                  C1RXF8EID = 0x462
                    0x0462                  _C1RXF8EID = 0x462
                    0x0462                  _C1RXF8EIDbits = 0x462
                    0x0464                  C1RXF9SID = 0x464
                    0x0464                  _C1RXF9SID = 0x464
                    0x0464                  _C1RXF9SIDbits = 0x464
                    0x0466                  C1RXF9EID = 0x466
                    0x0466                  _C1RXF9EID = 0x466
                    0x0466                  _C1RXF9EIDbits = 0x466
                    0x0468                  C1RXF10SID = 0x468
                    0x0468                  _C1RXF10SID = 0x468
                    0x0468                  _C1RXF10SIDbits = 0x468
                    0x046a                  C1RXF10EID = 0x46a
                    0x046a                  _C1RXF10EID = 0x46a
                    0x046a                  _C1RXF10EIDbits = 0x46a
                    0x046c                  C1RXF11SID = 0x46c
                    0x046c                  _C1RXF11SID = 0x46c